[2025-11-24 17:35:20.57] Compiling .... WARNING: Slither was explicitly disabled. Echidna uses Slither (https://github.com/crytic/slither) to perform source analysis, which makes fuzzing more effective. You should enable it.
Done! (18.118316s)
Analyzing contract: /Users/nelsonpereira/Documents/GitHub/Auditing/Fuzzing/Recon_Fuzzing/Liquity_V2_Gov/V2-gov/test/recon/CryticTester.sol:CryticTester
Loaded 0 transaction sequences from echidna/reproducers
Loaded 40 transaction sequences from echidna/coverage
[2025-11-24 17:35:39.66] INFO: Performing RPC: <EVM.Query: fetch contract 0x13A4b2e325a8de52259FE334dFd5370B513d7b04EmptyBase>
[2025-11-24 17:35:39.66] ERROR: Requested RPC but it is not configured: <EVM.Query: fetch contract 0x13A4b2e325a8de52259FE334dFd5370B513d7b04EmptyBase>
[2025-11-24 17:35:39.69] INFO: Performing RPC: <EVM.Query: fetch contract 0x00000000000000000000000000000000FFFFfFFFEmptyBase>
[2025-11-24 17:35:39.69] ERROR: Requested RPC but it is not configured: <EVM.Query: fetch contract 0x00000000000000000000000000000000FFFFfFFFEmptyBase>
[2025-11-24 17:35:39.69] INFO: Performing RPC: <EVM.Query: fetch contract 0x00000000000000000000000000000001fffffffEEmptyBase>
[2025-11-24 17:35:39.69] ERROR: Requested RPC but it is not configured: <EVM.Query: fetch contract 0x00000000000000000000000000000001fffffffEEmptyBase>
[2025-11-24 17:35:39.69] INFO: Performing RPC: <EVM.Query: fetch contract 0xcd9a70C13C88863ECE51B302a77D2EB98fBBBD65EmptyBase>
[2025-11-24 17:35:39.69] ERROR: Requested RPC but it is not configured: <EVM.Query: fetch contract 0xcd9a70C13C88863ECE51B302a77D2EB98fBBBD65EmptyBase>
[2025-11-24 17:35:39.69] INFO: Performing RPC: <EVM.Query: fetch contract 0x002155d5323cb425a89ecD3ab87AE5Ffdf4DB5F7EmptyBase>
[2025-11-24 17:35:39.69] ERROR: Requested RPC but it is not configured: <EVM.Query: fetch contract 0x002155d5323cb425a89ecD3ab87AE5Ffdf4DB5F7EmptyBase>
[2025-11-24 17:35:39.71] INFO: Performing RPC: <EVM.Query: fetch contract 0x00000000000000000000000000000002fFffFffDEmptyBase>
[2025-11-24 17:35:39.71] ERROR: Requested RPC but it is not configured: <EVM.Query: fetch contract 0x00000000000000000000000000000002fFffFffDEmptyBase>
[2025-11-24 17:35:39.76] INFO: Performing RPC: <EVM.Query: fetch contract 0xdd5C6E83A9EC2664f176f8f2A801a0B29e600d94EmptyBase>
[2025-11-24 17:35:39.76] ERROR: Requested RPC but it is not configured: <EVM.Query: fetch contract 0xdd5C6E83A9EC2664f176f8f2A801a0B29e600d94EmptyBase>
[2025-11-24 17:35:39.78] [Worker 2] New coverage: 30549 instr, 13 contracts, 1 seqs in corpus
[2025-11-24 17:35:39.79] [Worker 3] New coverage: 30552 instr, 13 contracts, 2 seqs in corpus
[2025-11-24 17:35:39.79] [Worker 3] Sequence replayed from corpus file 5657099564836361507.txt (1/10)
[2025-11-24 17:35:39.79] [Worker 2] Sequence replayed from corpus file 6380175701959835924.txt (1/10)
[2025-11-24 17:35:39.79] [Worker 1] New coverage: 30568 instr, 13 contracts, 3 seqs in corpus
[2025-11-24 17:35:39.79] [Worker 1] Sequence replayed from corpus file 3621646402097961663.txt (1/10)
[2025-11-24 17:35:39.79] INFO: Performing RPC: <EVM.Query: fetch contract 0x0000000000000000000000000000000000000001EmptyBase>
[2025-11-24 17:35:39.79] ERROR: Requested RPC but it is not configured: <EVM.Query: fetch contract 0x0000000000000000000000000000000000000001EmptyBase>
[2025-11-24 17:35:39.80] [Worker 0] New coverage: 30682 instr, 13 contracts, 4 seqs in corpus
[2025-11-24 17:35:39.80] [Worker 0] Sequence replayed from corpus file 5922675860204364808.txt (1/10)
[2025-11-24 17:35:39.82] INFO: Performing RPC: <EVM.Query: fetch contract 0x2A2B68E9Bf718DBf6dF3dF91174A136054a8A0EcEmptyBase>
[2025-11-24 17:35:39.82] ERROR: Requested RPC but it is not configured: <EVM.Query: fetch contract 0x2A2B68E9Bf718DBf6dF3dF91174A136054a8A0EcEmptyBase>
[2025-11-24 17:35:39.83] INFO: Performing RPC: <EVM.Query: fetch contract 0x53F6337d308FfB2c52eDa319Be216cC7321D3725EmptyBase>
[2025-11-24 17:35:39.83] ERROR: Requested RPC but it is not configured: <EVM.Query: fetch contract 0x53F6337d308FfB2c52eDa319Be216cC7321D3725EmptyBase>
[2025-11-24 17:35:39.84]  Saved reproducer to echidna/coverage/6380175701959835924.txt
[2025-11-24 17:35:39.88] [Worker 2] New coverage: 30840 instr, 13 contracts, 5 seqs in corpus
[2025-11-24 17:35:39.88] [Worker 2] Sequence replayed from corpus file 8738215454763487460.txt (2/10)
[2025-11-24 17:35:39.89] [Worker 0] New coverage: 30853 instr, 13 contracts, 6 seqs in corpus
[2025-11-24 17:35:39.89] [Worker 0] Sequence replayed from corpus file 449733834285014284.txt (2/10)
[2025-11-24 17:35:39.89] [Worker 1] New coverage: 30882 instr, 13 contracts, 7 seqs in corpus
[2025-11-24 17:35:39.90] [Worker 1] Sequence replayed from corpus file 251008718848498622.txt (2/10)
[2025-11-24 17:35:39.91] [Worker 3] New coverage: 30899 instr, 13 contracts, 8 seqs in corpus
[2025-11-24 17:35:39.91] [Worker 3] Sequence replayed from corpus file 6854081576127074061.txt (2/10)
[2025-11-24 17:35:39.91]  Saved reproducer to echidna/coverage/5657099564836361507.txt
[2025-11-24 17:35:39.96] [Worker 0] New coverage: 30965 instr, 13 contracts, 9 seqs in corpus
[2025-11-24 17:35:39.96] [Worker 0] Sequence replayed from corpus file 1272041522241575992.txt (3/10)
[2025-11-24 17:35:39.96] [Worker 2] New coverage: 30965 instr, 13 contracts, 10 seqs in corpus
[2025-11-24 17:35:39.97] [Worker 2] Sequence replayed from corpus file 400897809188628966.txt (3/10)
[2025-11-24 17:35:39.97] [Worker 1] Sequence replayed from corpus file 8562624570639114282.txt (3/10)
[2025-11-24 17:35:39.98]  Saved reproducer to echidna/coverage/3621646402097961663.txt
[2025-11-24 17:35:40.00] INFO: Performing RPC: <EVM.Query: fetch contract 0x0000000000000000000000000000000000000000EmptyBase>
[2025-11-24 17:35:40.00] ERROR: Requested RPC but it is not configured: <EVM.Query: fetch contract 0x0000000000000000000000000000000000000000EmptyBase>
[2025-11-24 17:35:40.01] [Worker 3] Sequence replayed from corpus file 8793348795282842876.txt (3/10)
[2025-11-24 17:35:40.05]  Saved reproducer to echidna/coverage/5922675860204364808.txt
[2025-11-24 17:35:40.07] [Worker 1] New coverage: 31122 instr, 13 contracts, 11 seqs in corpus
[2025-11-24 17:35:40.07] [Worker 1] Sequence replayed from corpus file 2179481005080375112.txt (4/10)
[2025-11-24 17:35:40.08] [Worker 0] New coverage: 31122 instr, 13 contracts, 12 seqs in corpus
[2025-11-24 17:35:40.08] [Worker 0] Sequence replayed from corpus file 3046720763590329741.txt (4/10)
[2025-11-24 17:35:40.08] [Worker 2] Sequence replayed from corpus file 8359737323040360743.txt (4/10)
[2025-11-24 17:35:40.11] [Worker 3] Sequence replayed from corpus file 7395957000935035333.txt (4/10)
[2025-11-24 17:35:40.11] INFO: Performing RPC: <EVM.Query: fetch contract 0x84b51678F9A4869E384F737ed2a5D56c8ca16c81EmptyBase>
[2025-11-24 17:35:40.11] ERROR: Requested RPC but it is not configured: <EVM.Query: fetch contract 0x84b51678F9A4869E384F737ed2a5D56c8ca16c81EmptyBase>
[2025-11-24 17:35:40.13]  Saved reproducer to echidna/coverage/8738215454763487460.txt
[2025-11-24 17:35:40.16] [Worker 1] Sequence replayed from corpus file 7068458865716093016.txt (5/10)
[2025-11-24 17:35:40.18] [Worker 3] New coverage: 32965 instr, 13 contracts, 13 seqs in corpus
[2025-11-24 17:35:40.18] [Worker 0] New coverage: 32965 instr, 13 contracts, 14 seqs in corpus
[2025-11-24 17:35:40.18] [Worker 0] Sequence replayed from corpus file 7311170343329109487.txt (5/10)
[2025-11-24 17:35:40.18] [Worker 3] Sequence replayed from corpus file 4303917367923911481.txt (5/10)
[2025-11-24 17:35:40.18] [Worker 2] Sequence replayed from corpus file 1469992326122063468.txt (5/10)
[2025-11-24 17:35:40.20]  Saved reproducer to echidna/coverage/449733834285014284.txt
[2025-11-24 17:35:40.25]  Saved reproducer to echidna/coverage/251008718848498622.txt
[2025-11-24 17:35:40.26] [Worker 1] New coverage: 33033 instr, 13 contracts, 15 seqs in corpus
[2025-11-24 17:35:40.26] [Worker 1] Sequence replayed from corpus file 2280717370271322123.txt (6/10)
[2025-11-24 17:35:40.27] [Worker 3] New coverage: 33033 instr, 13 contracts, 16 seqs in corpus
[2025-11-24 17:35:40.27] [Worker 3] Sequence replayed from corpus file 8698147141767136833.txt (6/10)
[2025-11-24 17:35:40.28] [Worker 2] New coverage: 33033 instr, 13 contracts, 17 seqs in corpus
[2025-11-24 17:35:40.28] [Worker 2] Sequence replayed from corpus file 1641833512489345728.txt (6/10)
[2025-11-24 17:35:40.28] [Worker 0] Sequence replayed from corpus file 4062907682623089105.txt (6/10)
[2025-11-24 17:35:40.33]  Saved reproducer to echidna/coverage/6854081576127074061.txt
[2025-11-24 17:35:40.37] [Worker 3] Sequence replayed from corpus file 4144134525655967909.txt (7/10)
[2025-11-24 17:35:40.37] [Worker 1] New coverage: 33036 instr, 13 contracts, 18 seqs in corpus
[2025-11-24 17:35:40.37] [Worker 1] Sequence replayed from corpus file 230275682305489481.txt (7/10)
[2025-11-24 17:35:40.37] [Worker 0] New coverage: 33036 instr, 13 contracts, 19 seqs in corpus
[2025-11-24 17:35:40.37] [Worker 0] Sequence replayed from corpus file 5900606139207209560.txt (7/10)
[2025-11-24 17:35:40.38] [Worker 2] Sequence replayed from corpus file 2157313771467698033.txt (7/10)
[2025-11-24 17:35:40.41]  Saved reproducer to echidna/coverage/1272041522241575992.txt
[2025-11-24 17:35:40.41] INFO: Performing RPC: <EVM.Query: fetch contract 0x9c91C0A72C9Dde79Be48469F4954f87F694E1F0BEmptyBase>
[2025-11-24 17:35:40.41] ERROR: Requested RPC but it is not configured: <EVM.Query: fetch contract 0x9c91C0A72C9Dde79Be48469F4954f87F694E1F0BEmptyBase>
[2025-11-24 17:35:40.45] [Worker 3] Sequence replayed from corpus file 590988119223168904.txt (8/10)
[2025-11-24 17:35:40.46] [Worker 1] New coverage: 33065 instr, 13 contracts, 20 seqs in corpus
[2025-11-24 17:35:40.46] [Worker 1] Sequence replayed from corpus file 4477607907564862533.txt (8/10)
[2025-11-24 17:35:40.47] [Worker 2] New coverage: 33065 instr, 13 contracts, 21 seqs in corpus
[2025-11-24 17:35:40.47] [Worker 2] Sequence replayed from corpus file 1664670199367180801.txt (8/10)
[2025-11-24 17:35:40.47] [Worker 0] New coverage: 33065 instr, 13 contracts, 22 seqs in corpus
[2025-11-24 17:35:40.47] [Worker 0] Sequence replayed from corpus file 7978618454099655548.txt (8/10)
[2025-11-24 17:35:40.48]  Saved reproducer to echidna/coverage/400897809188628966.txt
[2025-11-24 17:35:40.54]  Saved reproducer to echidna/coverage/2179481005080375112.txt
[2025-11-24 17:35:40.55] [Worker 2] New coverage: 33302 instr, 13 contracts, 23 seqs in corpus
[2025-11-24 17:35:40.55] [Worker 2] Sequence replayed from corpus file 2850110129843216198.txt (9/10)
[2025-11-24 17:35:40.55] [Worker 3] New coverage: 33302 instr, 13 contracts, 24 seqs in corpus
[2025-11-24 17:35:40.55] [Worker 3] Sequence replayed from corpus file 5782900552861002800.txt (9/10)
[2025-11-24 17:35:40.56] [Worker 1] New coverage: 33302 instr, 13 contracts, 25 seqs in corpus
[2025-11-24 17:35:40.56] [Worker 0] Sequence replayed from corpus file 1693572187667605654.txt (9/10)
[2025-11-24 17:35:40.56] [Worker 1] Sequence replayed from corpus file 2794292484009114888.txt (9/10)
[2025-11-24 17:35:40.62]  Saved reproducer to echidna/coverage/3046720763590329741.txt
[2025-11-24 17:35:40.63] [Worker 2] New coverage: 33444 instr, 13 contracts, 26 seqs in corpus
[2025-11-24 17:35:40.64] [Worker 2] Sequence replayed from corpus file 1356521500580024600.txt (10/10)
[2025-11-24 17:35:40.65] [Worker 1] New coverage: 33444 instr, 13 contracts, 27 seqs in corpus
[2025-11-24 17:35:40.65] [Worker 3] Sequence replayed from corpus file 5962180855738793468.txt (10/10)
[2025-11-24 17:35:40.65] [Worker 1] Sequence replayed from corpus file 5556414573514096668.txt (10/10)
[2025-11-24 17:35:40.66] [Worker 0] Sequence replayed from corpus file 2528020904413725310.txt (10/10)
[2025-11-24 17:35:40.69]  Saved reproducer to echidna/coverage/4303917367923911481.txt
[2025-11-24 17:35:40.77]  Saved reproducer to echidna/coverage/7311170343329109487.txt
[2025-11-24 17:35:40.86]  Saved reproducer to echidna/coverage/2280717370271322123.txt
[2025-11-24 17:35:40.94]  Saved reproducer to echidna/coverage/8698147141767136833.txt
[2025-11-24 17:35:41.01]  Saved reproducer to echidna/coverage/1641833512489345728.txt
[2025-11-24 17:35:41.09]  Saved reproducer to echidna/coverage/230275682305489481.txt
[2025-11-24 17:35:41.15]  Saved reproducer to echidna/coverage/5900606139207209560.txt
[2025-11-24 17:35:41.25]  Saved reproducer to echidna/coverage/4477607907564862533.txt
[2025-11-24 17:35:41.34]  Saved reproducer to echidna/coverage/1664670199367180801.txt
[2025-11-24 17:35:41.37] INFO: Performing RPC: <EVM.Query: fetch contract 0xb13B5e34092E21A53Cb1110A3050Bd0e117Dc15DEmptyBase>
[2025-11-24 17:35:41.37] ERROR: Requested RPC but it is not configured: <EVM.Query: fetch contract 0xb13B5e34092E21A53Cb1110A3050Bd0e117Dc15DEmptyBase>
[2025-11-24 17:35:41.41]  Saved reproducer to echidna/coverage/7978618454099655548.txt
[2025-11-24 17:35:41.47]  Saved reproducer to echidna/coverage/2850110129843216198.txt
[2025-11-24 17:35:41.54]  Saved reproducer to echidna/coverage/5782900552861002800.txt
[2025-11-24 17:35:41.62]  Saved reproducer to echidna/coverage/2794292484009114888.txt
[2025-11-24 17:35:41.72]  Saved reproducer to echidna/coverage/1356521500580024600.txt
[2025-11-24 17:35:41.78]  Saved reproducer to echidna/coverage/5556414573514096668.txt
[2025-11-24 17:35:42.65] [status] tests: 0/1, fuzzing: 11709/7766279631452241919, values: [], cov: 33444, corpus: 27
[2025-11-24 17:35:45.65] [status] tests: 0/1, fuzzing: 23580/7766279631452241919, values: [], cov: 33444, corpus: 27
[2025-11-24 17:35:48.65] [status] tests: 0/1, fuzzing: 35769/7766279631452241919, values: [], cov: 33444, corpus: 27
[2025-11-24 17:35:51.66] [status] tests: 0/1, fuzzing: 47430/7766279631452241919, values: [], cov: 33444, corpus: 27
[2025-11-24 17:35:54.66] [status] tests: 0/1, fuzzing: 59840/7766279631452241919, values: [], cov: 33444, corpus: 27
[2025-11-24 17:35:57.66] [status] tests: 0/1, fuzzing: 71425/7766279631452241919, values: [], cov: 33444, corpus: 27
[2025-11-24 17:36:00.66] [status] tests: 0/1, fuzzing: 85191/7766279631452241919, values: [], cov: 33444, corpus: 27
[2025-11-24 17:36:03.66] [status] tests: 0/1, fuzzing: 97158/7766279631452241919, values: [], cov: 33444, corpus: 27
[2025-11-24 17:36:06.66] [status] tests: 0/1, fuzzing: 110542/7766279631452241919, values: [], cov: 33444, corpus: 27
[2025-11-24 17:36:09.67] [status] tests: 0/1, fuzzing: 123560/7766279631452241919, values: [], cov: 33444, corpus: 27
[2025-11-24 17:36:12.67] [status] tests: 0/1, fuzzing: 135222/7766279631452241919, values: [], cov: 33444, corpus: 27
[2025-11-24 17:36:15.67] [status] tests: 0/1, fuzzing: 147348/7766279631452241919, values: [], cov: 33444, corpus: 27
[2025-11-24 17:36:18.67] [status] tests: 0/1, fuzzing: 158258/7766279631452241919, values: [], cov: 33444, corpus: 27
[2025-11-24 17:36:21.67] [status] tests: 0/1, fuzzing: 169807/7766279631452241919, values: [], cov: 33444, corpus: 27
[2025-11-24 17:36:24.68] [status] tests: 0/1, fuzzing: 179738/7766279631452241919, values: [], cov: 33444, corpus: 27
[2025-11-24 17:36:27.68] [status] tests: 0/1, fuzzing: 193181/7766279631452241919, values: [], cov: 33444, corpus: 27
[2025-11-24 17:36:30.68] [status] tests: 0/1, fuzzing: 206461/7766279631452241919, values: [], cov: 33444, corpus: 27
[2025-11-24 17:36:33.69] [status] tests: 0/1, fuzzing: 219278/7766279631452241919, values: [], cov: 33444, corpus: 27
[2025-11-24 17:36:36.69] [status] tests: 0/1, fuzzing: 232337/7766279631452241919, values: [], cov: 33444, corpus: 27
[2025-11-24 17:36:39.69] [status] tests: 0/1, fuzzing: 245737/7766279631452241919, values: [], cov: 33444, corpus: 27
[2025-11-24 17:36:42.70] [status] tests: 0/1, fuzzing: 258865/7766279631452241919, values: [], cov: 33444, corpus: 27
[2025-11-24 17:36:45.70] [status] tests: 0/1, fuzzing: 272443/7766279631452241919, values: [], cov: 33444, corpus: 27
[2025-11-24 17:36:46.90] [Worker 1] Killed (thread killed). Stopping.
[2025-11-24 17:36:46.90] [Worker 0] Killed (thread killed). Stopping.
[2025-11-24 17:36:46.90] [Worker 3] Killed (thread killed). Stopping.
[2025-11-24 17:36:46.90] [Worker 2] Killed (thread killed). Stopping.
[2025-11-24 17:36:46.90] [status] tests: 0/1, fuzzing: 277893/7766279631452241919, values: [], cov: 33444, corpus: 27


Unique instructions: 33444
Unique codehashes: 13
Corpus size: 27
Seed: 7257770904262752628
Total calls: 277893

[2025-11-24 17:36:46.91] Saving test reproducers... Done! (0.000001s)
[2025-11-24 17:36:46.91] Saving corpus... Done! (3.844992s)
[2025-11-24 17:36:50.75] Saving coverage... Done! (2.122619s)
