[2025-11-21 16:02:01.88] Compiling .... WARNING: Slither was explicitly disabled. Echidna uses Slither (https://github.com/crytic/slither) to perform source analysis, which makes fuzzing more effective. You should enable it.
Done! (37.055564s)
Analyzing contract: /Users/nelsonpereira/Documents/GitHub/Auditing/Fuzzing/Recon_Fuzzing/Liquity_V2_Gov/V2-gov/test/recon/CryticTester.sol:CryticTester
Loaded 0 transaction sequences from echidna/reproducers
Loaded 63 transaction sequences from echidna/coverage
[2025-11-21 16:02:40.39] INFO: Performing RPC: <EVM.Query: fetch contract 0xB3573f4297a97e48E1e343A70878168dea7ddE32EmptyBase>
[2025-11-21 16:02:40.39] ERROR: Requested RPC but it is not configured: <EVM.Query: fetch contract 0xB3573f4297a97e48E1e343A70878168dea7ddE32EmptyBase>
[2025-11-21 16:02:40.42] INFO: Performing RPC: <EVM.Query: fetch contract 0x0000000000000000000000000000000000000001EmptyBase>
[2025-11-21 16:02:40.42] ERROR: Requested RPC but it is not configured: <EVM.Query: fetch contract 0x0000000000000000000000000000000000000001EmptyBase>
[2025-11-21 16:02:40.44] INFO: Performing RPC: <EVM.Query: fetch contract 0x0A64DF94bc0E039474DB42bb52FEca0c1d540402EmptyBase>
[2025-11-21 16:02:40.44] ERROR: Requested RPC but it is not configured: <EVM.Query: fetch contract 0x0A64DF94bc0E039474DB42bb52FEca0c1d540402EmptyBase>
[2025-11-21 16:02:40.46] INFO: Performing RPC: <EVM.Query: fetch contract 0x00000000000000000000000000000002fFffFffDEmptyBase>
[2025-11-21 16:02:40.46] ERROR: Requested RPC but it is not configured: <EVM.Query: fetch contract 0x00000000000000000000000000000002fFffFffDEmptyBase>
[2025-11-21 16:02:40.46] INFO: Performing RPC: <EVM.Query: fetch contract 0x00000000000000000000000000000001fffffffEEmptyBase>
[2025-11-21 16:02:40.46] ERROR: Requested RPC but it is not configured: <EVM.Query: fetch contract 0x00000000000000000000000000000001fffffffEEmptyBase>
[2025-11-21 16:02:40.48] INFO: Performing RPC: <EVM.Query: fetch contract 0x0000000000000000000000000000000000000000EmptyBase>
[2025-11-21 16:02:40.48] ERROR: Requested RPC but it is not configured: <EVM.Query: fetch contract 0x0000000000000000000000000000000000000000EmptyBase>
[2025-11-21 16:02:40.48] INFO: Performing RPC: <EVM.Query: fetch contract 0x00000000000000000000000000000000FFFFfFFFEmptyBase>
[2025-11-21 16:02:40.48] ERROR: Requested RPC but it is not configured: <EVM.Query: fetch contract 0x00000000000000000000000000000000FFFFfFFFEmptyBase>
[2025-11-21 16:02:40.48] INFO: Performing RPC: <EVM.Query: fetch contract 0xcd9a70C13C88863ECE51B302a77D2EB98fBBBD65EmptyBase>
[2025-11-21 16:02:40.48] ERROR: Requested RPC but it is not configured: <EVM.Query: fetch contract 0xcd9a70C13C88863ECE51B302a77D2EB98fBBBD65EmptyBase>
[2025-11-21 16:02:40.58] [Worker 0] New coverage: 28369 instr, 9 contracts, 1 seqs in corpus
[2025-11-21 16:02:40.60] [Worker 3] New coverage: 29964 instr, 9 contracts, 2 seqs in corpus
[2025-11-21 16:02:40.60] [Worker 0] Sequence replayed from corpus file 45093282073006149.txt (1/16)
[2025-11-21 16:02:40.61] [Worker 3] Sequence replayed from corpus file 5897270305909683058.txt (1/15)
[2025-11-21 16:02:40.65]  Saved reproducer to echidna/coverage/45093282073006149.txt
[2025-11-21 16:02:40.68] [Worker 2] New coverage: 31500 instr, 9 contracts, 3 seqs in corpus
[2025-11-21 16:02:40.68] [Worker 2] Sequence replayed from corpus file 8518763232621574995.txt (1/16)
[2025-11-21 16:02:40.69] [Worker 1] New coverage: 31568 instr, 9 contracts, 4 seqs in corpus
[2025-11-21 16:02:40.69] [Worker 1] Sequence replayed from corpus file 1444301926217368620.txt (1/16)
[2025-11-21 16:02:40.73]  Saved reproducer to echidna/coverage/5897270305909683058.txt
[2025-11-21 16:02:40.73] [Worker 3] New coverage: 31599 instr, 9 contracts, 5 seqs in corpus
[2025-11-21 16:02:40.73] [Worker 3] Sequence replayed from corpus file 3903913474720682255.txt (2/15)
[2025-11-21 16:02:40.78] [Worker 0] New coverage: 31643 instr, 9 contracts, 6 seqs in corpus
[2025-11-21 16:02:40.78] [Worker 0] Sequence replayed from corpus file 6223167023325084269.txt (2/16)
[2025-11-21 16:02:40.82] [Worker 2] Sequence replayed from corpus file 8746858044257582402.txt (2/16)
[2025-11-21 16:02:40.84]  Saved reproducer to echidna/coverage/8518763232621574995.txt
[2025-11-21 16:02:40.86] [Worker 1] New coverage: 31684 instr, 9 contracts, 7 seqs in corpus
[2025-11-21 16:02:40.87] [Worker 1] Sequence replayed from corpus file 4246736392004185151.txt (2/16)
[2025-11-21 16:02:40.93] [Worker 3] New coverage: 31703 instr, 9 contracts, 8 seqs in corpus
[2025-11-21 16:02:40.93] [Worker 3] Sequence replayed from corpus file 1601659141410026302.txt (3/15)
[2025-11-21 16:02:40.99] [Worker 0] New coverage: 31854 instr, 9 contracts, 9 seqs in corpus
[2025-11-21 16:02:40.99] [Worker 0] Sequence replayed from corpus file 4208987126356970449.txt (3/16)
[2025-11-21 16:02:41.00]  Saved reproducer to echidna/coverage/1444301926217368620.txt
[2025-11-21 16:02:41.03] [Worker 2] New coverage: 31854 instr, 9 contracts, 10 seqs in corpus
[2025-11-21 16:02:41.03] [Worker 2] Sequence replayed from corpus file 8634082046333055431.txt (3/16)
[2025-11-21 16:02:41.10]  Saved reproducer to echidna/coverage/3903913474720682255.txt
[2025-11-21 16:02:41.11] [Worker 3] Sequence replayed from corpus file 3644857776348194497.txt (4/15)
[2025-11-21 16:02:41.14] [Worker 1] New coverage: 32812 instr, 9 contracts, 11 seqs in corpus
[2025-11-21 16:02:41.14] [Worker 1] Sequence replayed from corpus file 6536424477512155300.txt (3/16)
[2025-11-21 16:02:41.39] [Worker 0] New coverage: 32833 instr, 9 contracts, 12 seqs in corpus
[2025-11-21 16:02:41.41] [Worker 0] Sequence replayed from corpus file 1042970508906472491.txt (4/16)
[2025-11-21 16:02:41.44]  Saved reproducer to echidna/coverage/6223167023325084269.txt
[2025-11-21 16:02:41.62] INFO: Performing RPC: <EVM.Query: fetch contract 0xb13B5e34092E21A53Cb1110A3050Bd0e117Dc15DEmptyBase>
[2025-11-21 16:02:41.62] ERROR: Requested RPC but it is not configured: <EVM.Query: fetch contract 0xb13B5e34092E21A53Cb1110A3050Bd0e117Dc15DEmptyBase>
[2025-11-21 16:02:41.63] [Worker 2] Sequence replayed from corpus file 6812201232362200345.txt (4/16)
[2025-11-21 16:02:41.94]  Saved reproducer to echidna/coverage/4246736392004185151.txt
[2025-11-21 16:02:41.96] [Worker 3] New coverage: 32836 instr, 9 contracts, 13 seqs in corpus
[2025-11-21 16:02:41.97] [Worker 3] Sequence replayed from corpus file 7563604614899633257.txt (5/15)
[2025-11-21 16:02:42.29] [Worker 1] Sequence replayed from corpus file 8423608940381376891.txt (4/16)
[2025-11-21 16:02:42.55] [Worker 0] New coverage: 32855 instr, 9 contracts, 14 seqs in corpus
[2025-11-21 16:02:42.58] [Worker 0] Sequence replayed from corpus file 7526067470188733814.txt (5/16)
[2025-11-21 16:02:42.59]  Saved reproducer to echidna/coverage/1601659141410026302.txt
[2025-11-21 16:02:42.94]  Saved reproducer to echidna/coverage/4208987126356970449.txt
[2025-11-21 16:02:43.06] [Worker 3] Sequence replayed from corpus file 4839588000287340801.txt (6/15)
[2025-11-21 16:02:43.07] [Worker 2] Sequence replayed from corpus file 8670739144915234546.txt (5/16)
[2025-11-21 16:02:43.14] INFO: Performing RPC: <EVM.Query: fetch contract 0x3DD0864668C36D27B53a98137764c99F9FD5B7B2EmptyBase>
[2025-11-21 16:02:43.14] ERROR: Requested RPC but it is not configured: <EVM.Query: fetch contract 0x3DD0864668C36D27B53a98137764c99F9FD5B7B2EmptyBase>
[2025-11-21 16:02:43.18] [Worker 1] Sequence replayed from corpus file 623179635915128699.txt (5/16)
[2025-11-21 16:02:43.24]  Saved reproducer to echidna/coverage/8634082046333055431.txt
[2025-11-21 16:02:43.27] [Worker 0] New coverage: 32944 instr, 9 contracts, 15 seqs in corpus
[2025-11-21 16:02:43.27] [Worker 0] Sequence replayed from corpus file 13775952004325843.txt (6/16)
[2025-11-21 16:02:43.29] [Worker 3] New coverage: 32944 instr, 9 contracts, 16 seqs in corpus
[2025-11-21 16:02:43.30] [Worker 3] Sequence replayed from corpus file 8719797396379752064.txt (7/15)
[2025-11-21 16:02:43.33] [Worker 2] New coverage: 32944 instr, 9 contracts, 17 seqs in corpus
[2025-11-21 16:02:43.33] [Worker 2] Sequence replayed from corpus file 3433483334458157319.txt (6/16)
[2025-11-21 16:02:43.34] INFO: Performing RPC: <EVM.Query: fetch contract 0x46662E22D131Ea49249E0920C286E1484FEEf76EEmptyBase>
[2025-11-21 16:02:43.34] ERROR: Requested RPC but it is not configured: <EVM.Query: fetch contract 0x46662E22D131Ea49249E0920C286E1484FEEf76EEmptyBase>
[2025-11-21 16:02:43.35] INFO: Performing RPC: <EVM.Query: fetch contract 0x26C8d09E5C0B423E2827844c770F61c9af2870E7EmptyBase>
[2025-11-21 16:02:43.35] ERROR: Requested RPC but it is not configured: <EVM.Query: fetch contract 0x26C8d09E5C0B423E2827844c770F61c9af2870E7EmptyBase>
[2025-11-21 16:02:43.35] [Worker 1] New coverage: 32962 instr, 9 contracts, 18 seqs in corpus
[2025-11-21 16:02:43.35] [Worker 1] Sequence replayed from corpus file 171473411951464735.txt (6/16)
[2025-11-21 16:02:43.37]  Saved reproducer to echidna/coverage/6536424477512155300.txt
[2025-11-21 16:02:43.38] [status] tests: 0/1, fuzzing: 0/7766279631452241919, values: [], cov: 32962, corpus: 18
[2025-11-21 16:02:43.44] [Worker 2] New coverage: 33093 instr, 9 contracts, 19 seqs in corpus
[2025-11-21 16:02:43.44] [Worker 2] Sequence replayed from corpus file 8309084613591694981.txt (7/16)
[2025-11-21 16:02:43.45]  Saved reproducer to echidna/coverage/1042970508906472491.txt
[2025-11-21 16:02:43.46] [Worker 3] New coverage: 33109 instr, 9 contracts, 20 seqs in corpus
[2025-11-21 16:02:43.47] [Worker 3] Sequence replayed from corpus file 4134423501798329408.txt (8/15)
[2025-11-21 16:02:43.47] [Worker 0] New coverage: 33109 instr, 9 contracts, 21 seqs in corpus
[2025-11-21 16:02:43.47] [Worker 0] Sequence replayed from corpus file 6611001225389958544.txt (7/16)
[2025-11-21 16:02:43.59] [Worker 1] New coverage: 33117 instr, 9 contracts, 22 seqs in corpus
[2025-11-21 16:02:43.60] [Worker 1] Sequence replayed from corpus file 8845767647990206077.txt (7/16)
[2025-11-21 16:02:43.61]  Saved reproducer to echidna/coverage/7563604614899633257.txt
[2025-11-21 16:02:43.69] [Worker 2] Sequence replayed from corpus file 8624324182550712236.txt (8/16)
[2025-11-21 16:02:43.69] [Worker 3] New coverage: 33292 instr, 9 contracts, 23 seqs in corpus
[2025-11-21 16:02:43.69] [Worker 3] Sequence replayed from corpus file 659171836417235725.txt (9/15)
[2025-11-21 16:02:43.70] [Worker 0] Sequence replayed from corpus file 716679353410151960.txt (8/16)
[2025-11-21 16:02:43.73]  Saved reproducer to echidna/coverage/7526067470188733814.txt
[2025-11-21 16:02:43.75] [Worker 1] Sequence replayed from corpus file 8885166318714756710.txt (8/16)
[2025-11-21 16:02:43.82]  Saved reproducer to echidna/coverage/13775952004325843.txt
[2025-11-21 16:02:43.84] [Worker 2] Sequence replayed from corpus file 7750089369889295315.txt (9/16)
[2025-11-21 16:02:43.85] [Worker 0] New coverage: 33329 instr, 9 contracts, 24 seqs in corpus
[2025-11-21 16:02:43.85] [Worker 0] Sequence replayed from corpus file 1315874646252894661.txt (9/16)
[2025-11-21 16:02:43.86] [Worker 3] New coverage: 33329 instr, 9 contracts, 25 seqs in corpus
[2025-11-21 16:02:43.86] [Worker 3] Sequence replayed from corpus file 4631481792722934071.txt (10/15)
[2025-11-21 16:02:43.88]  Saved reproducer to echidna/coverage/8719797396379752064.txt
[2025-11-21 16:02:43.89] [Worker 1] Sequence replayed from corpus file 5777444928425635742.txt (9/16)
[2025-11-21 16:02:44.02] [Worker 0] New coverage: 33401 instr, 9 contracts, 26 seqs in corpus
[2025-11-21 16:02:44.02] [Worker 0] Sequence replayed from corpus file 5663856440416922978.txt (10/16)
[2025-11-21 16:02:44.04]  Saved reproducer to echidna/coverage/3433483334458157319.txt
[2025-11-21 16:02:44.04] INFO: Performing RPC: <EVM.Query: fetch contract 0x002155d5323cb425a89ecD3ab87AE5Ffdf4DB5F7EmptyBase>
[2025-11-21 16:02:44.04] ERROR: Requested RPC but it is not configured: <EVM.Query: fetch contract 0x002155d5323cb425a89ecD3ab87AE5Ffdf4DB5F7EmptyBase>
[2025-11-21 16:02:44.06] [Worker 3] New coverage: 33401 instr, 9 contracts, 27 seqs in corpus
[2025-11-21 16:02:44.06] [Worker 3] Sequence replayed from corpus file 7944241842321837526.txt (11/15)
[2025-11-21 16:02:44.06] [Worker 2] New coverage: 33401 instr, 9 contracts, 28 seqs in corpus
[2025-11-21 16:02:44.06] [Worker 2] Sequence replayed from corpus file 7282548592279858790.txt (10/16)
[2025-11-21 16:02:44.06] [Worker 1] New coverage: 33401 instr, 9 contracts, 29 seqs in corpus
[2025-11-21 16:02:44.07] [Worker 1] Sequence replayed from corpus file 8220703510165838421.txt (10/16)
[2025-11-21 16:02:44.16]  Saved reproducer to echidna/coverage/171473411951464735.txt
[2025-11-21 16:02:44.23] [Worker 1] New coverage: 33401 instr, 9 contracts, 30 seqs in corpus
[2025-11-21 16:02:44.23] [Worker 1] Sequence replayed from corpus file 323371216863346519.txt (11/16)
[2025-11-21 16:02:44.23]  Saved reproducer to echidna/coverage/8309084613591694981.txt
[2025-11-21 16:02:44.24] [Worker 0] Sequence replayed from corpus file 6445827107377041706.txt (11/16)
[2025-11-21 16:02:44.31] [Worker 2] Sequence replayed from corpus file 8747301005050476.txt (11/16)
[2025-11-21 16:02:44.32] [Worker 3] New coverage: 33430 instr, 9 contracts, 31 seqs in corpus
[2025-11-21 16:02:44.32] [Worker 3] Sequence replayed from corpus file 6864043327716982166.txt (12/15)
[2025-11-21 16:02:44.33]  Saved reproducer to echidna/coverage/4134423501798329408.txt
[2025-11-21 16:02:44.42]  Saved reproducer to echidna/coverage/6611001225389958544.txt
[2025-11-21 16:02:44.43] [Worker 0] Sequence replayed from corpus file 8256359532397937592.txt (12/16)
[2025-11-21 16:02:44.46] [Worker 1] Sequence replayed from corpus file 7040918752773474375.txt (12/16)
[2025-11-21 16:02:44.47] [Worker 3] New coverage: 33463 instr, 9 contracts, 32 seqs in corpus
[2025-11-21 16:02:44.47] [Worker 3] Sequence replayed from corpus file 5567964455996488893.txt (13/15)
[2025-11-21 16:02:44.47] [Worker 2] New coverage: 33466 instr, 9 contracts, 33 seqs in corpus
[2025-11-21 16:02:44.47] [Worker 2] Sequence replayed from corpus file 7341404724361170964.txt (12/16)
[2025-11-21 16:02:44.52]  Saved reproducer to echidna/coverage/8845767647990206077.txt
[2025-11-21 16:02:44.62] [Worker 0] Sequence replayed from corpus file 7105468663060356784.txt (13/16)
[2025-11-21 16:02:44.62]  Saved reproducer to echidna/coverage/659171836417235725.txt
[2025-11-21 16:02:44.67] [Worker 2] New coverage: 33527 instr, 9 contracts, 34 seqs in corpus
[2025-11-21 16:02:44.67] [Worker 2] Sequence replayed from corpus file 8952276177007932624.txt (13/16)
[2025-11-21 16:02:44.70] [Worker 1] New coverage: 33527 instr, 9 contracts, 35 seqs in corpus
[2025-11-21 16:02:44.70] [Worker 1] Sequence replayed from corpus file 8803041182927703731.txt (13/16)
[2025-11-21 16:02:44.71] [Worker 3] New coverage: 33527 instr, 9 contracts, 36 seqs in corpus
[2025-11-21 16:02:44.72] [Worker 3] Sequence replayed from corpus file 6872151627638192370.txt (14/15)
[2025-11-21 16:02:44.77]  Saved reproducer to echidna/coverage/1315874646252894661.txt
[2025-11-21 16:02:44.79] [Worker 0] Sequence replayed from corpus file 6493404114589562002.txt (14/16)
[2025-11-21 16:02:44.86] [Worker 1] Sequence replayed from corpus file 1938453100000780259.txt (14/16)
[2025-11-21 16:02:44.86]  Saved reproducer to echidna/coverage/4631481792722934071.txt
[2025-11-21 16:02:44.88] [Worker 2] New coverage: 33530 instr, 9 contracts, 37 seqs in corpus
[2025-11-21 16:02:44.89] [Worker 2] Sequence replayed from corpus file 4629152209409952519.txt (14/16)
[2025-11-21 16:02:44.92] [Worker 3] New coverage: 33552 instr, 9 contracts, 38 seqs in corpus
[2025-11-21 16:02:44.93] [Worker 3] Sequence replayed from corpus file 6760438629456621221.txt (15/15)
[2025-11-21 16:02:44.94]  Saved reproducer to echidna/coverage/5663856440416922978.txt
[2025-11-21 16:02:44.98] [Worker 0] Sequence replayed from corpus file 3761885062713970245.txt (15/16)
[2025-11-21 16:02:45.01]  Saved reproducer to echidna/coverage/7944241842321837526.txt
[2025-11-21 16:02:45.01] [Worker 2] New coverage: 33559 instr, 9 contracts, 39 seqs in corpus
[2025-11-21 16:02:45.02] [Worker 2] Sequence replayed from corpus file 6733992498756348523.txt (15/16)
[2025-11-21 16:02:45.07] [Worker 1] Sequence replayed from corpus file 7309073834865810155.txt (15/16)
[2025-11-21 16:02:45.14]  Saved reproducer to echidna/coverage/7282548592279858790.txt
[2025-11-21 16:02:45.14] [Worker 0] Sequence replayed from corpus file 2951887994621030055.txt (16/16)
[2025-11-21 16:02:45.23]  Saved reproducer to echidna/coverage/8220703510165838421.txt
[2025-11-21 16:02:45.23] [Worker 2] New coverage: 33567 instr, 9 contracts, 40 seqs in corpus
[2025-11-21 16:02:45.23] [Worker 1] Sequence replayed from corpus file 6485873953918739959.txt (16/16)
[2025-11-21 16:02:45.23] [Worker 2] Sequence replayed from corpus file 917863655903805577.txt (16/16)
[2025-11-21 16:02:45.32]  Saved reproducer to echidna/coverage/323371216863346519.txt
[2025-11-21 16:02:45.39]  Saved reproducer to echidna/coverage/6864043327716982166.txt
[2025-11-21 16:02:45.47]  Saved reproducer to echidna/coverage/5567964455996488893.txt
[2025-11-21 16:02:45.57]  Saved reproducer to echidna/coverage/7341404724361170964.txt
[2025-11-21 16:02:45.65]  Saved reproducer to echidna/coverage/8952276177007932624.txt
[2025-11-21 16:02:45.75]  Saved reproducer to echidna/coverage/8803041182927703731.txt
[2025-11-21 16:02:45.86]  Saved reproducer to echidna/coverage/6872151627638192370.txt
[2025-11-21 16:02:45.95]  Saved reproducer to echidna/coverage/4629152209409952519.txt
[2025-11-21 16:02:46.06]  Saved reproducer to echidna/coverage/6760438629456621221.txt
[2025-11-21 16:02:46.15]  Saved reproducer to echidna/coverage/6733992498756348523.txt
[2025-11-21 16:02:46.24]  Saved reproducer to echidna/coverage/917863655903805577.txt
[2025-11-21 16:02:46.38] [status] tests: 0/1, fuzzing: 8408/7766279631452241919, values: [], cov: 33567, corpus: 40
[2025-11-21 16:02:49.38] [status] tests: 0/1, fuzzing: 14040/7766279631452241919, values: [], cov: 33567, corpus: 40
[2025-11-21 16:02:49.61] INFO: Performing RPC: <EVM.Query: fetch contract 0x2A2B68E9Bf718DBf6dF3dF91174A136054a8A0EcEmptyBase>
[2025-11-21 16:02:49.61] ERROR: Requested RPC but it is not configured: <EVM.Query: fetch contract 0x2A2B68E9Bf718DBf6dF3dF91174A136054a8A0EcEmptyBase>
[2025-11-21 16:02:52.39] [status] tests: 0/1, fuzzing: 19000/7766279631452241919, values: [], cov: 33567, corpus: 40
[2025-11-21 16:02:55.40] [status] tests: 0/1, fuzzing: 22287/7766279631452241919, values: [], cov: 33567, corpus: 40
[2025-11-21 16:02:58.41] [status] tests: 0/1, fuzzing: 27471/7766279631452241919, values: [], cov: 33567, corpus: 40
[2025-11-21 16:03:01.41] [status] tests: 0/1, fuzzing: 31861/7766279631452241919, values: [], cov: 33567, corpus: 40
[2025-11-21 16:03:04.42] [status] tests: 0/1, fuzzing: 38087/7766279631452241919, values: [], cov: 33567, corpus: 40
[2025-11-21 16:03:07.42] [status] tests: 0/1, fuzzing: 45058/7766279631452241919, values: [], cov: 33567, corpus: 40
[2025-11-21 16:03:10.42] [status] tests: 0/1, fuzzing: 51637/7766279631452241919, values: [], cov: 33567, corpus: 40
[2025-11-21 16:03:13.42] [status] tests: 0/1, fuzzing: 57968/7766279631452241919, values: [], cov: 33567, corpus: 40
[2025-11-21 16:03:16.43] [status] tests: 0/1, fuzzing: 66040/7766279631452241919, values: [], cov: 33567, corpus: 40
[2025-11-21 16:03:19.43] [status] tests: 0/1, fuzzing: 72499/7766279631452241919, values: [], cov: 33567, corpus: 40
[2025-11-21 16:03:22.43] [status] tests: 0/1, fuzzing: 80430/7766279631452241919, values: [], cov: 33567, corpus: 40
[2025-11-21 16:03:25.43] [status] tests: 0/1, fuzzing: 89370/7766279631452241919, values: [], cov: 33567, corpus: 40
[2025-11-21 16:03:28.44] [status] tests: 0/1, fuzzing: 97095/7766279631452241919, values: [], cov: 33567, corpus: 40
[2025-11-21 16:03:31.44] [status] tests: 0/1, fuzzing: 105210/7766279631452241919, values: [], cov: 33567, corpus: 40
[2025-11-21 16:03:34.44] [status] tests: 0/1, fuzzing: 112459/7766279631452241919, values: [], cov: 33567, corpus: 40
[2025-11-21 16:03:37.44] [status] tests: 0/1, fuzzing: 119829/7766279631452241919, values: [], cov: 33567, corpus: 40
[2025-11-21 16:03:40.44] [status] tests: 0/1, fuzzing: 127866/7766279631452241919, values: [], cov: 33567, corpus: 40
[2025-11-21 16:03:43.45] [status] tests: 0/1, fuzzing: 134411/7766279631452241919, values: [], cov: 33567, corpus: 40
[2025-11-21 16:03:46.45] [status] tests: 0/1, fuzzing: 141886/7766279631452241919, values: [], cov: 33567, corpus: 40
[2025-11-21 16:03:49.45] [status] tests: 0/1, fuzzing: 149861/7766279631452241919, values: [], cov: 33567, corpus: 40
[2025-11-21 16:03:52.45] [status] tests: 0/1, fuzzing: 157289/7766279631452241919, values: [], cov: 33567, corpus: 40
[2025-11-21 16:03:55.45] [status] tests: 0/1, fuzzing: 165555/7766279631452241919, values: [], cov: 33567, corpus: 40
[2025-11-21 16:03:58.46] [status] tests: 0/1, fuzzing: 174004/7766279631452241919, values: [], cov: 33567, corpus: 40
[2025-11-21 16:04:01.47] [status] tests: 0/1, fuzzing: 181306/7766279631452241919, values: [], cov: 33567, corpus: 40
[2025-11-21 16:04:04.47] [status] tests: 0/1, fuzzing: 189726/7766279631452241919, values: [], cov: 33567, corpus: 40
[2025-11-21 16:04:07.47] [status] tests: 0/1, fuzzing: 197698/7766279631452241919, values: [], cov: 33567, corpus: 40
[2025-11-21 16:04:10.48] [status] tests: 0/1, fuzzing: 205006/7766279631452241919, values: [], cov: 33567, corpus: 40
[2025-11-21 16:04:13.48] [status] tests: 0/1, fuzzing: 212111/7766279631452241919, values: [], cov: 33567, corpus: 40
[2025-11-21 16:04:16.48] [status] tests: 0/1, fuzzing: 220181/7766279631452241919, values: [], cov: 33567, corpus: 40
[2025-11-21 16:04:19.48] [status] tests: 0/1, fuzzing: 228016/7766279631452241919, values: [], cov: 33567, corpus: 40
[2025-11-21 16:04:22.49] [status] tests: 0/1, fuzzing: 236000/7766279631452241919, values: [], cov: 33567, corpus: 40
[2025-11-21 16:04:25.49] [status] tests: 0/1, fuzzing: 244609/7766279631452241919, values: [], cov: 33567, corpus: 40
[2025-11-21 16:04:28.49] [status] tests: 0/1, fuzzing: 253337/7766279631452241919, values: [], cov: 33567, corpus: 40
[2025-11-21 16:04:31.49] [status] tests: 0/1, fuzzing: 261815/7766279631452241919, values: [], cov: 33567, corpus: 40
[2025-11-21 16:04:34.50] [status] tests: 0/1, fuzzing: 270483/7766279631452241919, values: [], cov: 33567, corpus: 40
[2025-11-21 16:04:37.50] [status] tests: 0/1, fuzzing: 278057/7766279631452241919, values: [], cov: 33567, corpus: 40
[2025-11-21 16:04:40.50] [status] tests: 0/1, fuzzing: 286177/7766279631452241919, values: [], cov: 33567, corpus: 40
[2025-11-21 16:04:43.50] [status] tests: 0/1, fuzzing: 293521/7766279631452241919, values: [], cov: 33567, corpus: 40
[2025-11-21 16:04:46.50] [status] tests: 0/1, fuzzing: 301354/7766279631452241919, values: [], cov: 33567, corpus: 40
[2025-11-21 16:04:49.51] [status] tests: 0/1, fuzzing: 309151/7766279631452241919, values: [], cov: 33567, corpus: 40
[2025-11-21 16:04:52.51] [status] tests: 0/1, fuzzing: 316393/7766279631452241919, values: [], cov: 33567, corpus: 40
[2025-11-21 16:04:55.51] [status] tests: 0/1, fuzzing: 324786/7766279631452241919, values: [], cov: 33567, corpus: 40
[2025-11-21 16:04:58.51] [status] tests: 0/1, fuzzing: 333464/7766279631452241919, values: [], cov: 33567, corpus: 40
[2025-11-21 16:05:01.51] [status] tests: 0/1, fuzzing: 340988/7766279631452241919, values: [], cov: 33567, corpus: 40
[2025-11-21 16:05:04.52] [status] tests: 0/1, fuzzing: 349766/7766279631452241919, values: [], cov: 33567, corpus: 40
[2025-11-21 16:05:07.52] [status] tests: 0/1, fuzzing: 357062/7766279631452241919, values: [], cov: 33567, corpus: 40
[2025-11-21 16:05:10.52] [status] tests: 0/1, fuzzing: 365680/7766279631452241919, values: [], cov: 33567, corpus: 40
[2025-11-21 16:05:13.52] [status] tests: 0/1, fuzzing: 373083/7766279631452241919, values: [], cov: 33567, corpus: 40
[2025-11-21 16:05:16.53] [status] tests: 0/1, fuzzing: 379229/7766279631452241919, values: [], cov: 33567, corpus: 40
[2025-11-21 16:05:19.53] [status] tests: 0/1, fuzzing: 385386/7766279631452241919, values: [], cov: 33567, corpus: 40
[2025-11-21 16:05:22.53] [status] tests: 0/1, fuzzing: 391192/7766279631452241919, values: [], cov: 33567, corpus: 40
[2025-11-21 16:05:25.53] [status] tests: 0/1, fuzzing: 395371/7766279631452241919, values: [], cov: 33567, corpus: 40
[2025-11-21 16:05:28.54] [status] tests: 0/1, fuzzing: 400560/7766279631452241919, values: [], cov: 33567, corpus: 40
[2025-11-21 16:05:31.54] [status] tests: 0/1, fuzzing: 406810/7766279631452241919, values: [], cov: 33567, corpus: 40
[2025-11-21 16:05:34.54] [status] tests: 0/1, fuzzing: 413113/7766279631452241919, values: [], cov: 33567, corpus: 40
[2025-11-21 16:05:37.54] [status] tests: 0/1, fuzzing: 418321/7766279631452241919, values: [], cov: 33567, corpus: 40
[2025-11-21 16:05:40.54] [status] tests: 0/1, fuzzing: 423924/7766279631452241919, values: [], cov: 33567, corpus: 40
[2025-11-21 16:05:43.55] [status] tests: 0/1, fuzzing: 428699/7766279631452241919, values: [], cov: 33567, corpus: 40
[2025-11-21 16:05:46.55] [status] tests: 0/1, fuzzing: 434249/7766279631452241919, values: [], cov: 33567, corpus: 40
[2025-11-21 16:05:49.55] [status] tests: 0/1, fuzzing: 439799/7766279631452241919, values: [], cov: 33567, corpus: 40
[2025-11-21 16:05:51.62] INFO: Performing RPC: <EVM.Query: fetch contract 0x4FF61194Fbc80188b7B312e00AfD83c4CE5b1EE6EmptyBase>
[2025-11-21 16:05:51.62] ERROR: Requested RPC but it is not configured: <EVM.Query: fetch contract 0x4FF61194Fbc80188b7B312e00AfD83c4CE5b1EE6EmptyBase>
[2025-11-21 16:05:52.56] [status] tests: 0/1, fuzzing: 444916/7766279631452241919, values: [], cov: 33567, corpus: 40
[2025-11-21 16:05:55.56] [status] tests: 0/1, fuzzing: 451180/7766279631452241919, values: [], cov: 33567, corpus: 40
[2025-11-21 16:05:58.61] [status] tests: 0/1, fuzzing: 453538/7766279631452241919, values: [], cov: 33567, corpus: 40
[2025-11-21 16:06:01.72] [status] tests: 0/1, fuzzing: 458499/7766279631452241919, values: [], cov: 33567, corpus: 40
[2025-11-21 16:06:04.72] [status] tests: 0/1, fuzzing: 463749/7766279631452241919, values: [], cov: 33567, corpus: 40
[2025-11-21 16:06:07.72] [status] tests: 0/1, fuzzing: 466115/7766279631452241919, values: [], cov: 33567, corpus: 40
[2025-11-21 16:06:10.73] [status] tests: 0/1, fuzzing: 471337/7766279631452241919, values: [], cov: 33567, corpus: 40
[2025-11-21 16:06:13.77] [status] tests: 0/1, fuzzing: 475952/7766279631452241919, values: [], cov: 33567, corpus: 40
[2025-11-21 16:06:16.81] [status] tests: 0/1, fuzzing: 481899/7766279631452241919, values: [], cov: 33567, corpus: 40
[2025-11-21 16:06:19.82] [status] tests: 0/1, fuzzing: 487629/7766279631452241919, values: [], cov: 33567, corpus: 40
[2025-11-21 16:06:22.82] [status] tests: 0/1, fuzzing: 493387/7766279631452241919, values: [], cov: 33567, corpus: 40
[2025-11-21 16:06:25.82] [status] tests: 0/1, fuzzing: 498868/7766279631452241919, values: [], cov: 33567, corpus: 40
[2025-11-21 16:06:28.83] [status] tests: 0/1, fuzzing: 503625/7766279631452241919, values: [], cov: 33567, corpus: 40
[2025-11-21 16:06:31.83] [status] tests: 0/1, fuzzing: 509967/7766279631452241919, values: [], cov: 33567, corpus: 40
[2025-11-21 16:06:34.83] [status] tests: 0/1, fuzzing: 516184/7766279631452241919, values: [], cov: 33567, corpus: 40
[2025-11-21 16:06:37.83] [status] tests: 0/1, fuzzing: 521555/7766279631452241919, values: [], cov: 33567, corpus: 40
[2025-11-21 16:06:40.83] [status] tests: 0/1, fuzzing: 527721/7766279631452241919, values: [], cov: 33567, corpus: 40
[2025-11-21 16:06:43.84] [status] tests: 0/1, fuzzing: 533061/7766279631452241919, values: [], cov: 33567, corpus: 40
[2025-11-21 16:06:46.85] [status] tests: 0/1, fuzzing: 538268/7766279631452241919, values: [], cov: 33567, corpus: 40
[2025-11-21 16:06:49.85] [status] tests: 0/1, fuzzing: 543647/7766279631452241919, values: [], cov: 33567, corpus: 40
[2025-11-21 16:06:52.85] [status] tests: 0/1, fuzzing: 547893/7766279631452241919, values: [], cov: 33567, corpus: 40
[2025-11-21 16:06:55.85] [status] tests: 0/1, fuzzing: 552734/7766279631452241919, values: [], cov: 33567, corpus: 40
[2025-11-21 16:06:58.85] [status] tests: 0/1, fuzzing: 557555/7766279631452241919, values: [], cov: 33567, corpus: 40
[2025-11-21 16:07:01.86] [status] tests: 0/1, fuzzing: 562247/7766279631452241919, values: [], cov: 33567, corpus: 40
[2025-11-21 16:07:04.86] [status] tests: 0/1, fuzzing: 568372/7766279631452241919, values: [], cov: 33567, corpus: 40
[2025-11-21 16:07:07.86] [status] tests: 0/1, fuzzing: 572872/7766279631452241919, values: [], cov: 33567, corpus: 40
[2025-11-21 16:07:10.86] [status] tests: 0/1, fuzzing: 579195/7766279631452241919, values: [], cov: 33567, corpus: 40
[2025-11-21 16:07:13.86] [status] tests: 0/1, fuzzing: 585428/7766279631452241919, values: [], cov: 33567, corpus: 40
[2025-11-21 16:07:16.87] [status] tests: 0/1, fuzzing: 590589/7766279631452241919, values: [], cov: 33567, corpus: 40
[2025-11-21 16:07:19.92] [status] tests: 0/1, fuzzing: 596155/7766279631452241919, values: [], cov: 33567, corpus: 40
[2025-11-21 16:07:22.95] [status] tests: 0/1, fuzzing: 602145/7766279631452241919, values: [], cov: 33567, corpus: 40
[2025-11-21 16:07:25.95] [status] tests: 0/1, fuzzing: 608684/7766279631452241919, values: [], cov: 33567, corpus: 40
[2025-11-21 16:07:28.96] [status] tests: 0/1, fuzzing: 615346/7766279631452241919, values: [], cov: 33567, corpus: 40
[2025-11-21 16:07:31.96] [status] tests: 0/1, fuzzing: 621633/7766279631452241919, values: [], cov: 33567, corpus: 40
[2025-11-21 16:07:34.96] [status] tests: 0/1, fuzzing: 625586/7766279631452241919, values: [], cov: 33567, corpus: 40
[2025-11-21 16:07:37.96] [status] tests: 0/1, fuzzing: 628378/7766279631452241919, values: [], cov: 33567, corpus: 40
[2025-11-21 16:07:40.96] [status] tests: 0/1, fuzzing: 631313/7766279631452241919, values: [], cov: 33567, corpus: 40
[2025-11-21 16:07:43.97] [status] tests: 0/1, fuzzing: 635179/7766279631452241919, values: [], cov: 33567, corpus: 40
[2025-11-21 16:07:46.97] [status] tests: 0/1, fuzzing: 639676/7766279631452241919, values: [], cov: 33567, corpus: 40
[2025-11-21 16:07:49.97] [status] tests: 0/1, fuzzing: 644628/7766279631452241919, values: [], cov: 33567, corpus: 40
[2025-11-21 16:07:52.98] [status] tests: 0/1, fuzzing: 650299/7766279631452241919, values: [], cov: 33567, corpus: 40
[2025-11-21 16:07:55.98] [status] tests: 0/1, fuzzing: 656522/7766279631452241919, values: [], cov: 33567, corpus: 40
[2025-11-21 16:07:58.98] [status] tests: 0/1, fuzzing: 662626/7766279631452241919, values: [], cov: 33567, corpus: 40
[2025-11-21 16:08:01.98] [status] tests: 0/1, fuzzing: 667596/7766279631452241919, values: [], cov: 33567, corpus: 40
[2025-11-21 16:08:04.99] [status] tests: 0/1, fuzzing: 672485/7766279631452241919, values: [], cov: 33567, corpus: 40
[2025-11-21 16:08:07.99] [status] tests: 0/1, fuzzing: 677179/7766279631452241919, values: [], cov: 33567, corpus: 40
[2025-11-21 16:08:10.99] [status] tests: 0/1, fuzzing: 681375/7766279631452241919, values: [], cov: 33567, corpus: 40
[2025-11-21 16:08:13.99] [status] tests: 0/1, fuzzing: 686333/7766279631452241919, values: [], cov: 33567, corpus: 40
[2025-11-21 16:08:16.99] [status] tests: 0/1, fuzzing: 691949/7766279631452241919, values: [], cov: 33567, corpus: 40
[2025-11-21 16:08:20.00] [status] tests: 0/1, fuzzing: 696603/7766279631452241919, values: [], cov: 33567, corpus: 40
[2025-11-21 16:08:23.00] [status] tests: 0/1, fuzzing: 701023/7766279631452241919, values: [], cov: 33567, corpus: 40
[2025-11-21 16:08:26.00] [status] tests: 0/1, fuzzing: 706772/7766279631452241919, values: [], cov: 33567, corpus: 40
[2025-11-21 16:08:29.00] [status] tests: 0/1, fuzzing: 710843/7766279631452241919, values: [], cov: 33567, corpus: 40
[2025-11-21 16:08:32.01] [status] tests: 0/1, fuzzing: 713062/7766279631452241919, values: [], cov: 33567, corpus: 40
[2025-11-21 16:08:35.01] [status] tests: 0/1, fuzzing: 715890/7766279631452241919, values: [], cov: 33567, corpus: 40
[2025-11-21 16:08:38.02] [status] tests: 0/1, fuzzing: 717683/7766279631452241919, values: [], cov: 33567, corpus: 40
[2025-11-21 16:08:41.03] [status] tests: 0/1, fuzzing: 721147/7766279631452241919, values: [], cov: 33567, corpus: 40
[2025-11-21 16:08:44.04] [status] tests: 0/1, fuzzing: 724287/7766279631452241919, values: [], cov: 33567, corpus: 40
[2025-11-21 16:08:47.04] [status] tests: 0/1, fuzzing: 728987/7766279631452241919, values: [], cov: 33567, corpus: 40
[2025-11-21 16:08:50.07] [status] tests: 0/1, fuzzing: 733905/7766279631452241919, values: [], cov: 33567, corpus: 40
[2025-11-21 16:08:53.09] [status] tests: 0/1, fuzzing: 736906/7766279631452241919, values: [], cov: 33567, corpus: 40
[2025-11-21 16:08:56.09] [status] tests: 0/1, fuzzing: 741112/7766279631452241919, values: [], cov: 33567, corpus: 40
[2025-11-21 16:08:58.31] INFO: Performing RPC: <EVM.Query: fetch contract 0x00000000000000000000000000000000DeaDBeefEmptyBase>
[2025-11-21 16:08:58.31] ERROR: Requested RPC but it is not configured: <EVM.Query: fetch contract 0x00000000000000000000000000000000DeaDBeefEmptyBase>
[2025-11-21 16:08:59.10] [status] tests: 0/1, fuzzing: 746318/7766279631452241919, values: [], cov: 33567, corpus: 40
[2025-11-21 16:09:02.14] [status] tests: 0/1, fuzzing: 748674/7766279631452241919, values: [], cov: 33567, corpus: 40
[2025-11-21 16:09:05.14] [status] tests: 0/1, fuzzing: 752578/7766279631452241919, values: [], cov: 33567, corpus: 40
[2025-11-21 16:09:08.14] [status] tests: 0/1, fuzzing: 757224/7766279631452241919, values: [], cov: 33567, corpus: 40
[2025-11-21 16:09:11.15] [status] tests: 0/1, fuzzing: 762600/7766279631452241919, values: [], cov: 33567, corpus: 40
[2025-11-21 16:09:14.17] [status] tests: 0/1, fuzzing: 766741/7766279631452241919, values: [], cov: 33567, corpus: 40
[2025-11-21 16:09:17.18] [status] tests: 0/1, fuzzing: 770069/7766279631452241919, values: [], cov: 33567, corpus: 40
[2025-11-21 16:09:20.18] [status] tests: 0/1, fuzzing: 774035/7766279631452241919, values: [], cov: 33567, corpus: 40
[2025-11-21 16:09:23.19] [status] tests: 0/1, fuzzing: 776943/7766279631452241919, values: [], cov: 33567, corpus: 40
[2025-11-21 16:09:26.19] [status] tests: 0/1, fuzzing: 779308/7766279631452241919, values: [], cov: 33567, corpus: 40
[2025-11-21 16:09:29.00] INFO: Performing RPC: <EVM.Query: fetch contract 0x53F6337d308FfB2c52eDa319Be216cC7321D3725EmptyBase>
[2025-11-21 16:09:29.00] ERROR: Requested RPC but it is not configured: <EVM.Query: fetch contract 0x53F6337d308FfB2c52eDa319Be216cC7321D3725EmptyBase>
[2025-11-21 16:09:29.32] [status] tests: 0/1, fuzzing: 780116/7766279631452241919, values: [], cov: 33567, corpus: 40
[2025-11-21 16:09:32.32] [status] tests: 0/1, fuzzing: 781429/7766279631452241919, values: [], cov: 33567, corpus: 40
[2025-11-21 16:09:35.34] [status] tests: 0/1, fuzzing: 781934/7766279631452241919, values: [], cov: 33567, corpus: 40
[2025-11-21 16:09:38.37] [status] tests: 0/1, fuzzing: 783091/7766279631452241919, values: [], cov: 33567, corpus: 40
[2025-11-21 16:09:41.53] [status] tests: 0/1, fuzzing: 784580/7766279631452241919, values: [], cov: 33567, corpus: 40
[2025-11-21 16:09:44.55] [status] tests: 0/1, fuzzing: 788104/7766279631452241919, values: [], cov: 33567, corpus: 40
[2025-11-21 16:09:47.55] [status] tests: 0/1, fuzzing: 791603/7766279631452241919, values: [], cov: 33567, corpus: 40
[2025-11-21 16:09:50.55] [status] tests: 0/1, fuzzing: 795998/7766279631452241919, values: [], cov: 33567, corpus: 40
[2025-11-21 16:09:53.57] [status] tests: 0/1, fuzzing: 797508/7766279631452241919, values: [], cov: 33567, corpus: 40
[2025-11-21 16:09:56.58] [status] tests: 0/1, fuzzing: 802002/7766279631452241919, values: [], cov: 33567, corpus: 40
[2025-11-21 16:09:59.58] [status] tests: 0/1, fuzzing: 807193/7766279631452241919, values: [], cov: 33567, corpus: 40
[2025-11-21 16:10:02.59] [status] tests: 0/1, fuzzing: 811970/7766279631452241919, values: [], cov: 33567, corpus: 40
[2025-11-21 16:10:05.60] [status] tests: 0/1, fuzzing: 816286/7766279631452241919, values: [], cov: 33567, corpus: 40
[2025-11-21 16:10:08.61] [status] tests: 0/1, fuzzing: 820496/7766279631452241919, values: [], cov: 33567, corpus: 40
[2025-11-21 16:10:11.61] [status] tests: 0/1, fuzzing: 824767/7766279631452241919, values: [], cov: 33567, corpus: 40
[2025-11-21 16:10:14.61] [status] tests: 0/1, fuzzing: 826316/7766279631452241919, values: [], cov: 33567, corpus: 40
[2025-11-21 16:10:17.62] [status] tests: 0/1, fuzzing: 829666/7766279631452241919, values: [], cov: 33567, corpus: 40
[2025-11-21 16:10:20.63] [status] tests: 0/1, fuzzing: 830531/7766279631452241919, values: [], cov: 33567, corpus: 40
[2025-11-21 16:10:23.63] [status] tests: 0/1, fuzzing: 834293/7766279631452241919, values: [], cov: 33567, corpus: 40
[2025-11-21 16:10:26.66] [status] tests: 0/1, fuzzing: 837719/7766279631452241919, values: [], cov: 33567, corpus: 40
[2025-11-21 16:10:29.66] [status] tests: 0/1, fuzzing: 843302/7766279631452241919, values: [], cov: 33567, corpus: 40
[2025-11-21 16:10:32.66] [status] tests: 0/1, fuzzing: 849221/7766279631452241919, values: [], cov: 33567, corpus: 40
[2025-11-21 16:10:35.66] [status] tests: 0/1, fuzzing: 853253/7766279631452241919, values: [], cov: 33567, corpus: 40
[2025-11-21 16:10:38.67] [status] tests: 0/1, fuzzing: 855949/7766279631452241919, values: [], cov: 33567, corpus: 40
[2025-11-21 16:10:41.67] [status] tests: 0/1, fuzzing: 859339/7766279631452241919, values: [], cov: 33567, corpus: 40
[2025-11-21 16:10:44.67] [status] tests: 0/1, fuzzing: 863101/7766279631452241919, values: [], cov: 33567, corpus: 40
[2025-11-21 16:10:47.68] [status] tests: 0/1, fuzzing: 867788/7766279631452241919, values: [], cov: 33567, corpus: 40
[2025-11-21 16:10:50.68] [status] tests: 0/1, fuzzing: 872268/7766279631452241919, values: [], cov: 33567, corpus: 40
[2025-11-21 16:10:53.68] [status] tests: 0/1, fuzzing: 877227/7766279631452241919, values: [], cov: 33567, corpus: 40
[2025-11-21 16:10:56.68] [status] tests: 0/1, fuzzing: 883020/7766279631452241919, values: [], cov: 33567, corpus: 40
[2025-11-21 16:10:59.69] [status] tests: 0/1, fuzzing: 888892/7766279631452241919, values: [], cov: 33567, corpus: 40
[2025-11-21 16:11:02.69] [status] tests: 0/1, fuzzing: 892528/7766279631452241919, values: [], cov: 33567, corpus: 40
[2025-11-21 16:11:05.69] [status] tests: 0/1, fuzzing: 896992/7766279631452241919, values: [], cov: 33567, corpus: 40
[2025-11-21 16:11:08.69] [status] tests: 0/1, fuzzing: 902339/7766279631452241919, values: [], cov: 33567, corpus: 40
[2025-11-21 16:11:11.69] [status] tests: 0/1, fuzzing: 907727/7766279631452241919, values: [], cov: 33567, corpus: 40
[2025-11-21 16:11:14.70] [status] tests: 0/1, fuzzing: 913487/7766279631452241919, values: [], cov: 33567, corpus: 40
[2025-11-21 16:11:17.70] [status] tests: 0/1, fuzzing: 916792/7766279631452241919, values: [], cov: 33567, corpus: 40
[2025-11-21 16:11:20.70] [status] tests: 0/1, fuzzing: 918004/7766279631452241919, values: [], cov: 33567, corpus: 40
[2025-11-21 16:11:23.71] [status] tests: 0/1, fuzzing: 922164/7766279631452241919, values: [], cov: 33567, corpus: 40
[2025-11-21 16:11:26.71] [status] tests: 0/1, fuzzing: 927540/7766279631452241919, values: [], cov: 33567, corpus: 40
[2025-11-21 16:11:29.71] [status] tests: 0/1, fuzzing: 933346/7766279631452241919, values: [], cov: 33567, corpus: 40
[2025-11-21 16:11:32.72] [status] tests: 0/1, fuzzing: 939219/7766279631452241919, values: [], cov: 33567, corpus: 40
[2025-11-21 16:11:35.72] [status] tests: 0/1, fuzzing: 943725/7766279631452241919, values: [], cov: 33567, corpus: 40
[2025-11-21 16:11:38.72] [status] tests: 0/1, fuzzing: 949660/7766279631452241919, values: [], cov: 33567, corpus: 40
[2025-11-21 16:11:41.73] [status] tests: 0/1, fuzzing: 955747/7766279631452241919, values: [], cov: 33567, corpus: 40
[2025-11-21 16:11:44.73] [status] tests: 0/1, fuzzing: 959640/7766279631452241919, values: [], cov: 33567, corpus: 40
[2025-11-21 16:11:47.73] [status] tests: 0/1, fuzzing: 964782/7766279631452241919, values: [], cov: 33567, corpus: 40
[2025-11-21 16:11:50.74] [status] tests: 0/1, fuzzing: 969608/7766279631452241919, values: [], cov: 33567, corpus: 40
[2025-11-21 16:11:53.74] [status] tests: 0/1, fuzzing: 974619/7766279631452241919, values: [], cov: 33567, corpus: 40
[2025-11-21 16:11:56.74] [status] tests: 0/1, fuzzing: 980046/7766279631452241919, values: [], cov: 33567, corpus: 40
[2025-11-21 16:11:59.74] [status] tests: 0/1, fuzzing: 985410/7766279631452241919, values: [], cov: 33567, corpus: 40
[2025-11-21 16:12:02.75] [status] tests: 0/1, fuzzing: 989579/7766279631452241919, values: [], cov: 33567, corpus: 40
[2025-11-21 16:12:05.75] [status] tests: 0/1, fuzzing: 993281/7766279631452241919, values: [], cov: 33567, corpus: 40
[2025-11-21 16:12:08.75] [status] tests: 0/1, fuzzing: 998928/7766279631452241919, values: [], cov: 33567, corpus: 40
[2025-11-21 16:12:11.75] [status] tests: 0/1, fuzzing: 1004968/7766279631452241919, values: [], cov: 33567, corpus: 40
[2025-11-21 16:12:14.76] [status] tests: 0/1, fuzzing: 1011006/7766279631452241919, values: [], cov: 33567, corpus: 40
[2025-11-21 16:12:17.77] [status] tests: 0/1, fuzzing: 1016761/7766279631452241919, values: [], cov: 33567, corpus: 40
[2025-11-21 16:12:20.77] [status] tests: 0/1, fuzzing: 1022024/7766279631452241919, values: [], cov: 33567, corpus: 40
[2025-11-21 16:12:23.77] [status] tests: 0/1, fuzzing: 1026589/7766279631452241919, values: [], cov: 33567, corpus: 40
[2025-11-21 16:12:26.78] [status] tests: 0/1, fuzzing: 1032578/7766279631452241919, values: [], cov: 33567, corpus: 40
[2025-11-21 16:12:29.78] [status] tests: 0/1, fuzzing: 1038858/7766279631452241919, values: [], cov: 33567, corpus: 40
[2025-11-21 16:12:32.78] [status] tests: 0/1, fuzzing: 1045255/7766279631452241919, values: [], cov: 33567, corpus: 40
[2025-11-21 16:12:35.78] [status] tests: 0/1, fuzzing: 1050197/7766279631452241919, values: [], cov: 33567, corpus: 40
[2025-11-21 16:12:38.78] [status] tests: 0/1, fuzzing: 1056676/7766279631452241919, values: [], cov: 33567, corpus: 40
[2025-11-21 16:12:41.79] [status] tests: 0/1, fuzzing: 1062188/7766279631452241919, values: [], cov: 33567, corpus: 40
[2025-11-21 16:12:44.79] [status] tests: 0/1, fuzzing: 1067039/7766279631452241919, values: [], cov: 33567, corpus: 40
[2025-11-21 16:12:47.80] [status] tests: 0/1, fuzzing: 1071733/7766279631452241919, values: [], cov: 33567, corpus: 40
[2025-11-21 16:12:50.80] [status] tests: 0/1, fuzzing: 1075839/7766279631452241919, values: [], cov: 33567, corpus: 40
[2025-11-21 16:12:53.80] [status] tests: 0/1, fuzzing: 1081826/7766279631452241919, values: [], cov: 33567, corpus: 40
[2025-11-21 16:12:56.81] [status] tests: 0/1, fuzzing: 1084664/7766279631452241919, values: [], cov: 33567, corpus: 40
[2025-11-21 16:12:59.81] [status] tests: 0/1, fuzzing: 1091258/7766279631452241919, values: [], cov: 33567, corpus: 40
[2025-11-21 16:13:02.81] [status] tests: 0/1, fuzzing: 1096070/7766279631452241919, values: [], cov: 33567, corpus: 40
[2025-11-21 16:13:05.81] [status] tests: 0/1, fuzzing: 1098648/7766279631452241919, values: [], cov: 33567, corpus: 40
[2025-11-21 16:13:08.82] [status] tests: 0/1, fuzzing: 1103872/7766279631452241919, values: [], cov: 33567, corpus: 40
[2025-11-21 16:13:11.82] [status] tests: 0/1, fuzzing: 1106909/7766279631452241919, values: [], cov: 33567, corpus: 40
[2025-11-21 16:13:14.83] [status] tests: 0/1, fuzzing: 1112164/7766279631452241919, values: [], cov: 33567, corpus: 40
[2025-11-21 16:13:17.83] [status] tests: 0/1, fuzzing: 1117610/7766279631452241919, values: [], cov: 33567, corpus: 40
[2025-11-21 16:13:20.83] [status] tests: 0/1, fuzzing: 1122650/7766279631452241919, values: [], cov: 33567, corpus: 40
[2025-11-21 16:13:23.83] [status] tests: 0/1, fuzzing: 1127921/7766279631452241919, values: [], cov: 33567, corpus: 40
[2025-11-21 16:13:26.84] [status] tests: 0/1, fuzzing: 1133617/7766279631452241919, values: [], cov: 33567, corpus: 40
[2025-11-21 16:13:29.85] [status] tests: 0/1, fuzzing: 1139505/7766279631452241919, values: [], cov: 33567, corpus: 40
[2025-11-21 16:13:32.85] [status] tests: 0/1, fuzzing: 1145276/7766279631452241919, values: [], cov: 33567, corpus: 40
[2025-11-21 16:13:35.85] [status] tests: 0/1, fuzzing: 1150645/7766279631452241919, values: [], cov: 33567, corpus: 40
[2025-11-21 16:13:38.85] [status] tests: 0/1, fuzzing: 1157586/7766279631452241919, values: [], cov: 33567, corpus: 40
[2025-11-21 16:13:41.86] [status] tests: 0/1, fuzzing: 1166978/7766279631452241919, values: [], cov: 33567, corpus: 40
[2025-11-21 16:13:44.86] [status] tests: 0/1, fuzzing: 1176279/7766279631452241919, values: [], cov: 33567, corpus: 40
[2025-11-21 16:13:47.86] [status] tests: 0/1, fuzzing: 1185242/7766279631452241919, values: [], cov: 33567, corpus: 40
[2025-11-21 16:13:50.87] [status] tests: 0/1, fuzzing: 1192497/7766279631452241919, values: [], cov: 33567, corpus: 40
[2025-11-21 16:13:53.87] [status] tests: 0/1, fuzzing: 1202005/7766279631452241919, values: [], cov: 33567, corpus: 40
[2025-11-21 16:13:56.87] [status] tests: 0/1, fuzzing: 1211767/7766279631452241919, values: [], cov: 33567, corpus: 40
[2025-11-21 16:13:59.88] [status] tests: 0/1, fuzzing: 1219752/7766279631452241919, values: [], cov: 33567, corpus: 40
[2025-11-21 16:14:02.89] [status] tests: 0/1, fuzzing: 1225459/7766279631452241919, values: [], cov: 33567, corpus: 40
[2025-11-21 16:14:05.89] [status] tests: 0/1, fuzzing: 1233700/7766279631452241919, values: [], cov: 33567, corpus: 40
[2025-11-21 16:14:08.89] [status] tests: 0/1, fuzzing: 1242345/7766279631452241919, values: [], cov: 33567, corpus: 40
[2025-11-21 16:14:11.90] [status] tests: 0/1, fuzzing: 1248949/7766279631452241919, values: [], cov: 33567, corpus: 40
[2025-11-21 16:14:14.90] [status] tests: 0/1, fuzzing: 1256709/7766279631452241919, values: [], cov: 33567, corpus: 40
[2025-11-21 16:14:17.91] [status] tests: 0/1, fuzzing: 1264258/7766279631452241919, values: [], cov: 33567, corpus: 40
[2025-11-21 16:14:20.91] [status] tests: 0/1, fuzzing: 1269761/7766279631452241919, values: [], cov: 33567, corpus: 40
[2025-11-21 16:14:23.91] [status] tests: 0/1, fuzzing: 1275497/7766279631452241919, values: [], cov: 33567, corpus: 40
[2025-11-21 16:14:26.92] [status] tests: 0/1, fuzzing: 1281538/7766279631452241919, values: [], cov: 33567, corpus: 40
[2025-11-21 16:14:29.92] [status] tests: 0/1, fuzzing: 1288902/7766279631452241919, values: [], cov: 33567, corpus: 40
[2025-11-21 16:14:32.92] [status] tests: 0/1, fuzzing: 1297120/7766279631452241919, values: [], cov: 33567, corpus: 40
[2025-11-21 16:14:35.92] [status] tests: 0/1, fuzzing: 1304804/7766279631452241919, values: [], cov: 33567, corpus: 40
[2025-11-21 16:14:38.93] [status] tests: 0/1, fuzzing: 1313073/7766279631452241919, values: [], cov: 33567, corpus: 40
[2025-11-21 16:14:41.93] [status] tests: 0/1, fuzzing: 1320404/7766279631452241919, values: [], cov: 33567, corpus: 40
[2025-11-21 16:14:44.93] [status] tests: 0/1, fuzzing: 1328613/7766279631452241919, values: [], cov: 33567, corpus: 40
[2025-11-21 16:14:47.93] [status] tests: 0/1, fuzzing: 1335308/7766279631452241919, values: [], cov: 33567, corpus: 40
[2025-11-21 16:14:50.93] [status] tests: 0/1, fuzzing: 1342837/7766279631452241919, values: [], cov: 33567, corpus: 40
[2025-11-21 16:14:53.94] [status] tests: 0/1, fuzzing: 1350752/7766279631452241919, values: [], cov: 33567, corpus: 40
[2025-11-21 16:14:56.94] [status] tests: 0/1, fuzzing: 1358132/7766279631452241919, values: [], cov: 33567, corpus: 40
[2025-11-21 16:14:59.94] [status] tests: 0/1, fuzzing: 1364516/7766279631452241919, values: [], cov: 33567, corpus: 40
[2025-11-21 16:15:02.94] [status] tests: 0/1, fuzzing: 1371706/7766279631452241919, values: [], cov: 33567, corpus: 40
[2025-11-21 16:15:05.95] [status] tests: 0/1, fuzzing: 1379338/7766279631452241919, values: [], cov: 33567, corpus: 40
[2025-11-21 16:15:08.95] [status] tests: 0/1, fuzzing: 1387411/7766279631452241919, values: [], cov: 33567, corpus: 40
[2025-11-21 16:15:11.95] [status] tests: 0/1, fuzzing: 1390841/7766279631452241919, values: [], cov: 33567, corpus: 40
[2025-11-21 16:15:14.95] [status] tests: 0/1, fuzzing: 1398661/7766279631452241919, values: [], cov: 33567, corpus: 40
[2025-11-21 16:15:17.95] [status] tests: 0/1, fuzzing: 1402555/7766279631452241919, values: [], cov: 33567, corpus: 40
[2025-11-21 16:15:20.97] [status] tests: 0/1, fuzzing: 1408880/7766279631452241919, values: [], cov: 33567, corpus: 40
[2025-11-21 16:15:23.99] [status] tests: 0/1, fuzzing: 1416051/7766279631452241919, values: [], cov: 33567, corpus: 40
[2025-11-21 16:15:26.99] [status] tests: 0/1, fuzzing: 1423111/7766279631452241919, values: [], cov: 33567, corpus: 40
[2025-11-21 16:15:30.00] [status] tests: 0/1, fuzzing: 1432240/7766279631452241919, values: [], cov: 33567, corpus: 40
[2025-11-21 16:15:33.00] [status] tests: 0/1, fuzzing: 1440891/7766279631452241919, values: [], cov: 33567, corpus: 40
[2025-11-21 16:15:36.00] [status] tests: 0/1, fuzzing: 1447981/7766279631452241919, values: [], cov: 33567, corpus: 40
[2025-11-21 16:15:39.01] [status] tests: 0/1, fuzzing: 1455082/7766279631452241919, values: [], cov: 33567, corpus: 40
[2025-11-21 16:15:42.01] [status] tests: 0/1, fuzzing: 1462798/7766279631452241919, values: [], cov: 33567, corpus: 40
[2025-11-21 16:15:45.02] [status] tests: 0/1, fuzzing: 1470487/7766279631452241919, values: [], cov: 33567, corpus: 40
[2025-11-21 16:15:48.02] [status] tests: 0/1, fuzzing: 1478338/7766279631452241919, values: [], cov: 33567, corpus: 40
[2025-11-21 16:15:51.02] [status] tests: 0/1, fuzzing: 1487291/7766279631452241919, values: [], cov: 33567, corpus: 40
[2025-11-21 16:15:54.02] [status] tests: 0/1, fuzzing: 1496552/7766279631452241919, values: [], cov: 33567, corpus: 40
[2025-11-21 16:15:57.03] [status] tests: 0/1, fuzzing: 1505880/7766279631452241919, values: [], cov: 33567, corpus: 40
[2025-11-21 16:16:00.03] [status] tests: 0/1, fuzzing: 1514503/7766279631452241919, values: [], cov: 33567, corpus: 40
[2025-11-21 16:16:03.03] [status] tests: 0/1, fuzzing: 1522852/7766279631452241919, values: [], cov: 33567, corpus: 40
[2025-11-21 16:16:06.03] [status] tests: 0/1, fuzzing: 1531302/7766279631452241919, values: [], cov: 33567, corpus: 40
[2025-11-21 16:16:09.03] [status] tests: 0/1, fuzzing: 1540286/7766279631452241919, values: [], cov: 33567, corpus: 40
[2025-11-21 16:16:12.04] [status] tests: 0/1, fuzzing: 1548757/7766279631452241919, values: [], cov: 33567, corpus: 40
[2025-11-21 16:16:15.04] [status] tests: 0/1, fuzzing: 1557971/7766279631452241919, values: [], cov: 33567, corpus: 40
[2025-11-21 16:16:18.04] [status] tests: 0/1, fuzzing: 1567262/7766279631452241919, values: [], cov: 33567, corpus: 40
[2025-11-21 16:16:21.04] [status] tests: 0/1, fuzzing: 1576334/7766279631452241919, values: [], cov: 33567, corpus: 40
[2025-11-21 16:16:24.04] [status] tests: 0/1, fuzzing: 1585827/7766279631452241919, values: [], cov: 33567, corpus: 40
[2025-11-21 16:16:27.04] [status] tests: 0/1, fuzzing: 1595577/7766279631452241919, values: [], cov: 33567, corpus: 40
[2025-11-21 16:16:30.05] [status] tests: 0/1, fuzzing: 1605326/7766279631452241919, values: [], cov: 33567, corpus: 40
[2025-11-21 16:16:33.05] [status] tests: 0/1, fuzzing: 1615090/7766279631452241919, values: [], cov: 33567, corpus: 40
[2025-11-21 16:16:36.05] [status] tests: 0/1, fuzzing: 1623143/7766279631452241919, values: [], cov: 33567, corpus: 40
[2025-11-21 16:16:39.05] [status] tests: 0/1, fuzzing: 1632251/7766279631452241919, values: [], cov: 33567, corpus: 40
[2025-11-21 16:16:42.05] [status] tests: 0/1, fuzzing: 1640497/7766279631452241919, values: [], cov: 33567, corpus: 40
[2025-11-21 16:16:45.05] [status] tests: 0/1, fuzzing: 1649140/7766279631452241919, values: [], cov: 33567, corpus: 40
[2025-11-21 16:16:48.07] [status] tests: 0/1, fuzzing: 1657841/7766279631452241919, values: [], cov: 33567, corpus: 40
[2025-11-21 16:16:51.18] [status] tests: 0/1, fuzzing: 1664702/7766279631452241919, values: [], cov: 33567, corpus: 40
[2025-11-21 16:16:54.18] [status] tests: 0/1, fuzzing: 1673865/7766279631452241919, values: [], cov: 33567, corpus: 40
[2025-11-21 16:16:57.18] [status] tests: 0/1, fuzzing: 1683097/7766279631452241919, values: [], cov: 33567, corpus: 40
[2025-11-21 16:17:00.18] [status] tests: 0/1, fuzzing: 1692383/7766279631452241919, values: [], cov: 33567, corpus: 40
[2025-11-21 16:17:03.19] [status] tests: 0/1, fuzzing: 1700698/7766279631452241919, values: [], cov: 33567, corpus: 40
[2025-11-21 16:17:06.19] [status] tests: 0/1, fuzzing: 1708373/7766279631452241919, values: [], cov: 33567, corpus: 40
[2025-11-21 16:17:09.19] [status] tests: 0/1, fuzzing: 1716722/7766279631452241919, values: [], cov: 33567, corpus: 40
[2025-11-21 16:17:12.19] [status] tests: 0/1, fuzzing: 1722314/7766279631452241919, values: [], cov: 33567, corpus: 40
[2025-11-21 16:17:15.20] [status] tests: 0/1, fuzzing: 1729961/7766279631452241919, values: [], cov: 33567, corpus: 40
[2025-11-21 16:17:18.20] [status] tests: 0/1, fuzzing: 1736920/7766279631452241919, values: [], cov: 33567, corpus: 40
[2025-11-21 16:17:21.20] [status] tests: 0/1, fuzzing: 1743296/7766279631452241919, values: [], cov: 33567, corpus: 40
[2025-11-21 16:17:24.20] [status] tests: 0/1, fuzzing: 1751142/7766279631452241919, values: [], cov: 33567, corpus: 40
[2025-11-21 16:17:27.20] [status] tests: 0/1, fuzzing: 1758553/7766279631452241919, values: [], cov: 33567, corpus: 40
[2025-11-21 16:17:30.21] [status] tests: 0/1, fuzzing: 1765488/7766279631452241919, values: [], cov: 33567, corpus: 40
[2025-11-21 16:17:33.21] [status] tests: 0/1, fuzzing: 1770507/7766279631452241919, values: [], cov: 33567, corpus: 40
[2025-11-21 16:17:36.21] [status] tests: 0/1, fuzzing: 1774733/7766279631452241919, values: [], cov: 33567, corpus: 40
[2025-11-21 16:17:39.22] [status] tests: 0/1, fuzzing: 1780531/7766279631452241919, values: [], cov: 33567, corpus: 40
[2025-11-21 16:17:42.22] [status] tests: 0/1, fuzzing: 1788651/7766279631452241919, values: [], cov: 33567, corpus: 40
[2025-11-21 16:17:45.22] [status] tests: 0/1, fuzzing: 1797853/7766279631452241919, values: [], cov: 33567, corpus: 40
[2025-11-21 16:17:48.22] [status] tests: 0/1, fuzzing: 1805050/7766279631452241919, values: [], cov: 33567, corpus: 40
[2025-11-21 16:17:51.22] [status] tests: 0/1, fuzzing: 1812600/7766279631452241919, values: [], cov: 33567, corpus: 40
[2025-11-21 16:17:54.23] [status] tests: 0/1, fuzzing: 1821736/7766279631452241919, values: [], cov: 33567, corpus: 40
[2025-11-21 16:17:57.23] [status] tests: 0/1, fuzzing: 1830797/7766279631452241919, values: [], cov: 33567, corpus: 40
[2025-11-21 16:18:00.27] [status] tests: 0/1, fuzzing: 1840116/7766279631452241919, values: [], cov: 33567, corpus: 40
[2025-11-21 16:18:03.29] [status] tests: 0/1, fuzzing: 1847963/7766279631452241919, values: [], cov: 33567, corpus: 40
[2025-11-21 16:18:04.33] INFO: Performing RPC: <EVM.Query: fetch contract 0x38fF0f328e0E376a505C92398C67CCA5F2E6f5aeEmptyBase>
[2025-11-21 16:18:04.33] ERROR: Requested RPC but it is not configured: <EVM.Query: fetch contract 0x38fF0f328e0E376a505C92398C67CCA5F2E6f5aeEmptyBase>
[2025-11-21 16:18:06.29] [status] tests: 0/1, fuzzing: 1856964/7766279631452241919, values: [], cov: 33567, corpus: 40
[2025-11-21 16:18:09.29] [status] tests: 0/1, fuzzing: 1866496/7766279631452241919, values: [], cov: 33567, corpus: 40
[2025-11-21 16:18:12.30] [status] tests: 0/1, fuzzing: 1875634/7766279631452241919, values: [], cov: 33567, corpus: 40
[2025-11-21 16:18:15.30] [status] tests: 0/1, fuzzing: 1884398/7766279631452241919, values: [], cov: 33567, corpus: 40
[2025-11-21 16:18:18.30] [status] tests: 0/1, fuzzing: 1894239/7766279631452241919, values: [], cov: 33567, corpus: 40
[2025-11-21 16:18:21.30] [status] tests: 0/1, fuzzing: 1900572/7766279631452241919, values: [], cov: 33567, corpus: 40
[2025-11-21 16:18:24.31] [status] tests: 0/1, fuzzing: 1909003/7766279631452241919, values: [], cov: 33567, corpus: 40
[2025-11-21 16:18:27.31] [status] tests: 0/1, fuzzing: 1918287/7766279631452241919, values: [], cov: 33567, corpus: 40
[2025-11-21 16:18:30.31] [status] tests: 0/1, fuzzing: 1927789/7766279631452241919, values: [], cov: 33567, corpus: 40
[2025-11-21 16:18:33.31] [status] tests: 0/1, fuzzing: 1937257/7766279631452241919, values: [], cov: 33567, corpus: 40
[2025-11-21 16:18:36.32] [status] tests: 0/1, fuzzing: 1945622/7766279631452241919, values: [], cov: 33567, corpus: 40
[2025-11-21 16:18:39.32] [status] tests: 0/1, fuzzing: 1954643/7766279631452241919, values: [], cov: 33567, corpus: 40
[2025-11-21 16:18:42.32] [status] tests: 0/1, fuzzing: 1962727/7766279631452241919, values: [], cov: 33567, corpus: 40
[2025-11-21 16:18:45.33] [status] tests: 0/1, fuzzing: 1972043/7766279631452241919, values: [], cov: 33567, corpus: 40
[2025-11-21 16:18:48.33] [status] tests: 0/1, fuzzing: 1977191/7766279631452241919, values: [], cov: 33567, corpus: 40
[2025-11-21 16:18:51.33] [status] tests: 0/1, fuzzing: 1985060/7766279631452241919, values: [], cov: 33567, corpus: 40
[2025-11-21 16:18:54.33] [status] tests: 0/1, fuzzing: 1993497/7766279631452241919, values: [], cov: 33567, corpus: 40
[2025-11-21 16:18:57.34] [status] tests: 0/1, fuzzing: 2002495/7766279631452241919, values: [], cov: 33567, corpus: 40
[2025-11-21 16:19:00.35] [status] tests: 0/1, fuzzing: 2010975/7766279631452241919, values: [], cov: 33567, corpus: 40
[2025-11-21 16:19:03.35] [status] tests: 0/1, fuzzing: 2020386/7766279631452241919, values: [], cov: 33567, corpus: 40
[2025-11-21 16:19:06.35] [status] tests: 0/1, fuzzing: 2030082/7766279631452241919, values: [], cov: 33567, corpus: 40
[2025-11-21 16:19:09.35] [status] tests: 0/1, fuzzing: 2039584/7766279631452241919, values: [], cov: 33567, corpus: 40
[2025-11-21 16:19:12.36] [status] tests: 0/1, fuzzing: 2048342/7766279631452241919, values: [], cov: 33567, corpus: 40
[2025-11-21 16:19:15.36] [status] tests: 0/1, fuzzing: 2057872/7766279631452241919, values: [], cov: 33567, corpus: 40
[2025-11-21 16:19:18.36] [status] tests: 0/1, fuzzing: 2067557/7766279631452241919, values: [], cov: 33567, corpus: 40
[2025-11-21 16:19:21.36] [status] tests: 0/1, fuzzing: 2076938/7766279631452241919, values: [], cov: 33567, corpus: 40
[2025-11-21 16:19:24.36] [status] tests: 0/1, fuzzing: 2086341/7766279631452241919, values: [], cov: 33567, corpus: 40
[2025-11-21 16:19:27.36] [status] tests: 0/1, fuzzing: 2092681/7766279631452241919, values: [], cov: 33567, corpus: 40
[2025-11-21 16:19:30.38] [status] tests: 0/1, fuzzing: 2099659/7766279631452241919, values: [], cov: 33567, corpus: 40
[2025-11-21 16:19:33.38] [status] tests: 0/1, fuzzing: 2106291/7766279631452241919, values: [], cov: 33567, corpus: 40
[2025-11-21 16:19:36.39] [status] tests: 0/1, fuzzing: 2113601/7766279631452241919, values: [], cov: 33567, corpus: 40
[2025-11-21 16:19:39.39] [status] tests: 0/1, fuzzing: 2119142/7766279631452241919, values: [], cov: 33567, corpus: 40
[2025-11-21 16:19:42.40] [status] tests: 0/1, fuzzing: 2122629/7766279631452241919, values: [], cov: 33567, corpus: 40
[2025-11-21 16:19:45.40] [status] tests: 0/1, fuzzing: 2130735/7766279631452241919, values: [], cov: 33567, corpus: 40
[2025-11-21 16:19:48.40] [status] tests: 0/1, fuzzing: 2137623/7766279631452241919, values: [], cov: 33567, corpus: 40
[2025-11-21 16:19:51.40] [status] tests: 0/1, fuzzing: 2145280/7766279631452241919, values: [], cov: 33567, corpus: 40
[2025-11-21 16:19:54.40] [status] tests: 0/1, fuzzing: 2154208/7766279631452241919, values: [], cov: 33567, corpus: 40
[2025-11-21 16:19:57.41] [status] tests: 0/1, fuzzing: 2162421/7766279631452241919, values: [], cov: 33567, corpus: 40
[2025-11-21 16:20:00.41] [status] tests: 0/1, fuzzing: 2171081/7766279631452241919, values: [], cov: 33567, corpus: 40
[2025-11-21 16:20:03.41] [status] tests: 0/1, fuzzing: 2178590/7766279631452241919, values: [], cov: 33567, corpus: 40
[2025-11-21 16:20:06.41] [status] tests: 0/1, fuzzing: 2182672/7766279631452241919, values: [], cov: 33567, corpus: 40
[2025-11-21 16:20:09.42] [status] tests: 0/1, fuzzing: 2191843/7766279631452241919, values: [], cov: 33567, corpus: 40
[2025-11-21 16:20:12.42] [status] tests: 0/1, fuzzing: 2200600/7766279631452241919, values: [], cov: 33567, corpus: 40
[2025-11-21 16:20:15.42] [status] tests: 0/1, fuzzing: 2209766/7766279631452241919, values: [], cov: 33567, corpus: 40
[2025-11-21 16:20:18.42] [status] tests: 0/1, fuzzing: 2219137/7766279631452241919, values: [], cov: 33567, corpus: 40
[2025-11-21 16:20:21.42] [status] tests: 0/1, fuzzing: 2228660/7766279631452241919, values: [], cov: 33567, corpus: 40
[2025-11-21 16:20:24.42] [status] tests: 0/1, fuzzing: 2238217/7766279631452241919, values: [], cov: 33567, corpus: 40
[2025-11-21 16:20:27.43] [status] tests: 0/1, fuzzing: 2247289/7766279631452241919, values: [], cov: 33567, corpus: 40
[2025-11-21 16:20:30.43] [status] tests: 0/1, fuzzing: 2256503/7766279631452241919, values: [], cov: 33567, corpus: 40
[2025-11-21 16:20:33.43] [status] tests: 0/1, fuzzing: 2266179/7766279631452241919, values: [], cov: 33567, corpus: 40
[2025-11-21 16:20:34.61] [Worker 3] New coverage: 33626 instr, 9 contracts, 41 seqs in corpus
[2025-11-21 16:20:34.72]  Saved reproducer to echidna/coverage/2651686504407877469.txt
[2025-11-21 16:20:36.43] [status] tests: 0/1, fuzzing: 2275320/7766279631452241919, values: [], cov: 33626, corpus: 41
[2025-11-21 16:20:39.43] [status] tests: 0/1, fuzzing: 2284983/7766279631452241919, values: [], cov: 33626, corpus: 41
[2025-11-21 16:20:42.43] [status] tests: 0/1, fuzzing: 2293899/7766279631452241919, values: [], cov: 33626, corpus: 41
[2025-11-21 16:20:45.44] [status] tests: 0/1, fuzzing: 2303706/7766279631452241919, values: [], cov: 33626, corpus: 41
[2025-11-21 16:20:48.44] [status] tests: 0/1, fuzzing: 2313638/7766279631452241919, values: [], cov: 33626, corpus: 41
[2025-11-21 16:20:51.44] [status] tests: 0/1, fuzzing: 2322732/7766279631452241919, values: [], cov: 33626, corpus: 41
[2025-11-21 16:20:54.44] [status] tests: 0/1, fuzzing: 2332376/7766279631452241919, values: [], cov: 33626, corpus: 41
[2025-11-21 16:20:57.44] [status] tests: 0/1, fuzzing: 2342355/7766279631452241919, values: [], cov: 33626, corpus: 41
[2025-11-21 16:21:00.45] [status] tests: 0/1, fuzzing: 2352013/7766279631452241919, values: [], cov: 33626, corpus: 41
[2025-11-21 16:21:03.45] [status] tests: 0/1, fuzzing: 2361875/7766279631452241919, values: [], cov: 33626, corpus: 41
[2025-11-21 16:21:06.45] [status] tests: 0/1, fuzzing: 2369106/7766279631452241919, values: [], cov: 33626, corpus: 41
[2025-11-21 16:21:09.46] [status] tests: 0/1, fuzzing: 2378894/7766279631452241919, values: [], cov: 33626, corpus: 41
[2025-11-21 16:21:12.46] [status] tests: 0/1, fuzzing: 2387346/7766279631452241919, values: [], cov: 33626, corpus: 41
[2025-11-21 16:21:15.46] [status] tests: 0/1, fuzzing: 2396901/7766279631452241919, values: [], cov: 33626, corpus: 41
[2025-11-21 16:21:18.46] [status] tests: 0/1, fuzzing: 2405936/7766279631452241919, values: [], cov: 33626, corpus: 41
[2025-11-21 16:21:21.47] [status] tests: 0/1, fuzzing: 2415239/7766279631452241919, values: [], cov: 33626, corpus: 41
[2025-11-21 16:21:24.47] [status] tests: 0/1, fuzzing: 2425425/7766279631452241919, values: [], cov: 33626, corpus: 41
[2025-11-21 16:21:27.47] [status] tests: 0/1, fuzzing: 2435639/7766279631452241919, values: [], cov: 33626, corpus: 41
[2025-11-21 16:21:30.47] [status] tests: 0/1, fuzzing: 2446211/7766279631452241919, values: [], cov: 33626, corpus: 41
[2025-11-21 16:21:33.47] [status] tests: 0/1, fuzzing: 2456926/7766279631452241919, values: [], cov: 33626, corpus: 41
[2025-11-21 16:21:36.48] [status] tests: 0/1, fuzzing: 2466939/7766279631452241919, values: [], cov: 33626, corpus: 41
[2025-11-21 16:21:39.48] [status] tests: 0/1, fuzzing: 2477518/7766279631452241919, values: [], cov: 33626, corpus: 41
[2025-11-21 16:21:42.48] [status] tests: 0/1, fuzzing: 2487964/7766279631452241919, values: [], cov: 33626, corpus: 41
[2025-11-21 16:21:45.48] [status] tests: 0/1, fuzzing: 2497903/7766279631452241919, values: [], cov: 33626, corpus: 41
[2025-11-21 16:21:48.48] [status] tests: 0/1, fuzzing: 2508126/7766279631452241919, values: [], cov: 33626, corpus: 41
[2025-11-21 16:21:51.49] [status] tests: 0/1, fuzzing: 2517802/7766279631452241919, values: [], cov: 33626, corpus: 41
[2025-11-21 16:21:54.49] [status] tests: 0/1, fuzzing: 2527404/7766279631452241919, values: [], cov: 33626, corpus: 41
[2025-11-21 16:21:57.49] [status] tests: 0/1, fuzzing: 2537296/7766279631452241919, values: [], cov: 33626, corpus: 41
[2025-11-21 16:22:00.49] [status] tests: 0/1, fuzzing: 2547483/7766279631452241919, values: [], cov: 33626, corpus: 41
[2025-11-21 16:22:03.49] [status] tests: 0/1, fuzzing: 2556805/7766279631452241919, values: [], cov: 33626, corpus: 41
[2025-11-21 16:22:06.49] [status] tests: 0/1, fuzzing: 2566183/7766279631452241919, values: [], cov: 33626, corpus: 41
[2025-11-21 16:22:09.50] [status] tests: 0/1, fuzzing: 2576374/7766279631452241919, values: [], cov: 33626, corpus: 41
[2025-11-21 16:22:12.50] [status] tests: 0/1, fuzzing: 2586703/7766279631452241919, values: [], cov: 33626, corpus: 41
[2025-11-21 16:22:15.50] [status] tests: 0/1, fuzzing: 2596880/7766279631452241919, values: [], cov: 33626, corpus: 41
[2025-11-21 16:22:18.50] [status] tests: 0/1, fuzzing: 2607611/7766279631452241919, values: [], cov: 33626, corpus: 41
[2025-11-21 16:22:21.51] [status] tests: 0/1, fuzzing: 2617607/7766279631452241919, values: [], cov: 33626, corpus: 41
[2025-11-21 16:22:24.51] [status] tests: 0/1, fuzzing: 2628027/7766279631452241919, values: [], cov: 33626, corpus: 41
[2025-11-21 16:22:27.51] [status] tests: 0/1, fuzzing: 2638492/7766279631452241919, values: [], cov: 33626, corpus: 41
[2025-11-21 16:22:30.51] [status] tests: 0/1, fuzzing: 2648956/7766279631452241919, values: [], cov: 33626, corpus: 41
[2025-11-21 16:22:33.51] [status] tests: 0/1, fuzzing: 2658742/7766279631452241919, values: [], cov: 33626, corpus: 41
[2025-11-21 16:22:36.51] [status] tests: 0/1, fuzzing: 2668203/7766279631452241919, values: [], cov: 33626, corpus: 41
[2025-11-21 16:22:39.52] [status] tests: 0/1, fuzzing: 2677799/7766279631452241919, values: [], cov: 33626, corpus: 41
[2025-11-21 16:22:42.52] [status] tests: 0/1, fuzzing: 2687349/7766279631452241919, values: [], cov: 33626, corpus: 41
[2025-11-21 16:22:45.52] [status] tests: 0/1, fuzzing: 2696526/7766279631452241919, values: [], cov: 33626, corpus: 41
[2025-11-21 16:22:48.52] [status] tests: 0/1, fuzzing: 2702616/7766279631452241919, values: [], cov: 33626, corpus: 41
[2025-11-21 16:22:51.52] [status] tests: 0/1, fuzzing: 2712452/7766279631452241919, values: [], cov: 33626, corpus: 41
[2025-11-21 16:22:54.53] [status] tests: 0/1, fuzzing: 2720189/7766279631452241919, values: [], cov: 33626, corpus: 41
[2025-11-21 16:22:57.53] [status] tests: 0/1, fuzzing: 2729091/7766279631452241919, values: [], cov: 33626, corpus: 41
[2025-11-21 16:23:00.53] [status] tests: 0/1, fuzzing: 2734640/7766279631452241919, values: [], cov: 33626, corpus: 41
[2025-11-21 16:23:03.53] [status] tests: 0/1, fuzzing: 2738758/7766279631452241919, values: [], cov: 33626, corpus: 41
[2025-11-21 16:23:06.53] [status] tests: 0/1, fuzzing: 2747808/7766279631452241919, values: [], cov: 33626, corpus: 41
[2025-11-21 16:23:09.54] [status] tests: 0/1, fuzzing: 2757354/7766279631452241919, values: [], cov: 33626, corpus: 41
[2025-11-21 16:23:12.54] [status] tests: 0/1, fuzzing: 2765771/7766279631452241919, values: [], cov: 33626, corpus: 41
[2025-11-21 16:23:15.56] [status] tests: 0/1, fuzzing: 2773638/7766279631452241919, values: [], cov: 33626, corpus: 41
[2025-11-21 16:23:18.56] [status] tests: 0/1, fuzzing: 2780933/7766279631452241919, values: [], cov: 33626, corpus: 41
[2025-11-21 16:23:21.56] [status] tests: 0/1, fuzzing: 2789931/7766279631452241919, values: [], cov: 33626, corpus: 41
[2025-11-21 16:23:24.56] [status] tests: 0/1, fuzzing: 2800050/7766279631452241919, values: [], cov: 33626, corpus: 41
[2025-11-21 16:23:27.57] [status] tests: 0/1, fuzzing: 2810038/7766279631452241919, values: [], cov: 33626, corpus: 41
[2025-11-21 16:23:30.57] [status] tests: 0/1, fuzzing: 2820211/7766279631452241919, values: [], cov: 33626, corpus: 41
[2025-11-21 16:23:33.57] [status] tests: 0/1, fuzzing: 2830139/7766279631452241919, values: [], cov: 33626, corpus: 41
[2025-11-21 16:23:36.57] [status] tests: 0/1, fuzzing: 2837258/7766279631452241919, values: [], cov: 33626, corpus: 41
[2025-11-21 16:23:39.57] [status] tests: 0/1, fuzzing: 2847163/7766279631452241919, values: [], cov: 33626, corpus: 41
[2025-11-21 16:23:42.58] [status] tests: 0/1, fuzzing: 2854994/7766279631452241919, values: [], cov: 33626, corpus: 41
[2025-11-21 16:23:45.58] [status] tests: 0/1, fuzzing: 2863645/7766279631452241919, values: [], cov: 33626, corpus: 41
[2025-11-21 16:23:48.58] [status] tests: 0/1, fuzzing: 2872233/7766279631452241919, values: [], cov: 33626, corpus: 41
[2025-11-21 16:23:51.58] [status] tests: 0/1, fuzzing: 2879036/7766279631452241919, values: [], cov: 33626, corpus: 41
[2025-11-21 16:23:54.58] [status] tests: 0/1, fuzzing: 2885591/7766279631452241919, values: [], cov: 33626, corpus: 41
[2025-11-21 16:23:57.58] [status] tests: 0/1, fuzzing: 2894740/7766279631452241919, values: [], cov: 33626, corpus: 41
[2025-11-21 16:24:00.59] [status] tests: 0/1, fuzzing: 2900522/7766279631452241919, values: [], cov: 33626, corpus: 41
[2025-11-21 16:24:03.60] [status] tests: 0/1, fuzzing: 2907355/7766279631452241919, values: [], cov: 33626, corpus: 41
[2025-11-21 16:24:06.60] [status] tests: 0/1, fuzzing: 2915049/7766279631452241919, values: [], cov: 33626, corpus: 41
[2025-11-21 16:24:09.61] [status] tests: 0/1, fuzzing: 2923133/7766279631452241919, values: [], cov: 33626, corpus: 41
[2025-11-21 16:24:12.62] [status] tests: 0/1, fuzzing: 2927019/7766279631452241919, values: [], cov: 33626, corpus: 41
[2025-11-21 16:24:15.63] [status] tests: 0/1, fuzzing: 2933113/7766279631452241919, values: [], cov: 33626, corpus: 41
[2025-11-21 16:24:18.65] [status] tests: 0/1, fuzzing: 2935767/7766279631452241919, values: [], cov: 33626, corpus: 41
[2025-11-21 16:24:21.66] [status] tests: 0/1, fuzzing: 2942490/7766279631452241919, values: [], cov: 33626, corpus: 41
[2025-11-21 16:24:24.66] [status] tests: 0/1, fuzzing: 2947630/7766279631452241919, values: [], cov: 33626, corpus: 41
[2025-11-21 16:24:27.68] [status] tests: 0/1, fuzzing: 2953056/7766279631452241919, values: [], cov: 33626, corpus: 41
[2025-11-21 16:24:30.68] [status] tests: 0/1, fuzzing: 2960849/7766279631452241919, values: [], cov: 33626, corpus: 41
[2025-11-21 16:24:33.68] [status] tests: 0/1, fuzzing: 2968366/7766279631452241919, values: [], cov: 33626, corpus: 41
[2025-11-21 16:24:36.70] [status] tests: 0/1, fuzzing: 2974757/7766279631452241919, values: [], cov: 33626, corpus: 41
[2025-11-21 16:24:39.70] [status] tests: 0/1, fuzzing: 2984260/7766279631452241919, values: [], cov: 33626, corpus: 41
[2025-11-21 16:24:42.71] [status] tests: 0/1, fuzzing: 2992932/7766279631452241919, values: [], cov: 33626, corpus: 41
[2025-11-21 16:24:45.71] [status] tests: 0/1, fuzzing: 3002794/7766279631452241919, values: [], cov: 33626, corpus: 41
[2025-11-21 16:24:48.71] [status] tests: 0/1, fuzzing: 3010795/7766279631452241919, values: [], cov: 33626, corpus: 41
[2025-11-21 16:24:51.71] [status] tests: 0/1, fuzzing: 3018631/7766279631452241919, values: [], cov: 33626, corpus: 41
[2025-11-21 16:24:54.71] [status] tests: 0/1, fuzzing: 3028550/7766279631452241919, values: [], cov: 33626, corpus: 41
[2025-11-21 16:24:57.72] [status] tests: 0/1, fuzzing: 3038222/7766279631452241919, values: [], cov: 33626, corpus: 41
[2025-11-21 16:25:00.72] [status] tests: 0/1, fuzzing: 3047747/7766279631452241919, values: [], cov: 33626, corpus: 41
[2025-11-21 16:25:03.72] [status] tests: 0/1, fuzzing: 3057924/7766279631452241919, values: [], cov: 33626, corpus: 41
[2025-11-21 16:25:06.72] [status] tests: 0/1, fuzzing: 3068047/7766279631452241919, values: [], cov: 33626, corpus: 41
[2025-11-21 16:25:09.73] [status] tests: 0/1, fuzzing: 3078600/7766279631452241919, values: [], cov: 33626, corpus: 41
[2025-11-21 16:25:12.73] [status] tests: 0/1, fuzzing: 3088604/7766279631452241919, values: [], cov: 33626, corpus: 41
[2025-11-21 16:25:15.73] [status] tests: 0/1, fuzzing: 3099245/7766279631452241919, values: [], cov: 33626, corpus: 41
[2025-11-21 16:25:18.73] [status] tests: 0/1, fuzzing: 3109451/7766279631452241919, values: [], cov: 33626, corpus: 41
[2025-11-21 16:25:21.73] [status] tests: 0/1, fuzzing: 3119196/7766279631452241919, values: [], cov: 33626, corpus: 41
[2025-11-21 16:25:24.74] [status] tests: 0/1, fuzzing: 3128808/7766279631452241919, values: [], cov: 33626, corpus: 41
[2025-11-21 16:25:27.74] [status] tests: 0/1, fuzzing: 3138592/7766279631452241919, values: [], cov: 33626, corpus: 41
[2025-11-21 16:25:30.74] [status] tests: 0/1, fuzzing: 3148454/7766279631452241919, values: [], cov: 33626, corpus: 41
[2025-11-21 16:25:33.74] [status] tests: 0/1, fuzzing: 3158382/7766279631452241919, values: [], cov: 33626, corpus: 41
[2025-11-21 16:25:36.74] [status] tests: 0/1, fuzzing: 3167715/7766279631452241919, values: [], cov: 33626, corpus: 41
[2025-11-21 16:25:39.75] [status] tests: 0/1, fuzzing: 3177809/7766279631452241919, values: [], cov: 33626, corpus: 41
[2025-11-21 16:25:42.75] [status] tests: 0/1, fuzzing: 3187666/7766279631452241919, values: [], cov: 33626, corpus: 41
[2025-11-21 16:25:45.75] [status] tests: 0/1, fuzzing: 3197955/7766279631452241919, values: [], cov: 33626, corpus: 41
[2025-11-21 16:25:48.75] [status] tests: 0/1, fuzzing: 3207598/7766279631452241919, values: [], cov: 33626, corpus: 41
[2025-11-21 16:25:51.76] [status] tests: 0/1, fuzzing: 3216721/7766279631452241919, values: [], cov: 33626, corpus: 41
[2025-11-21 16:25:54.76] [status] tests: 0/1, fuzzing: 3223423/7766279631452241919, values: [], cov: 33626, corpus: 41
[2025-11-21 16:25:57.76] [status] tests: 0/1, fuzzing: 3231818/7766279631452241919, values: [], cov: 33626, corpus: 41
[2025-11-21 16:26:00.76] [status] tests: 0/1, fuzzing: 3240939/7766279631452241919, values: [], cov: 33626, corpus: 41
[2025-11-21 16:26:03.77] [status] tests: 0/1, fuzzing: 3250978/7766279631452241919, values: [], cov: 33626, corpus: 41
[2025-11-21 16:26:06.77] [status] tests: 0/1, fuzzing: 3260433/7766279631452241919, values: [], cov: 33626, corpus: 41
[2025-11-21 16:26:09.77] [status] tests: 0/1, fuzzing: 3269901/7766279631452241919, values: [], cov: 33626, corpus: 41
[2025-11-21 16:26:12.77] [status] tests: 0/1, fuzzing: 3278857/7766279631452241919, values: [], cov: 33626, corpus: 41
[2025-11-21 16:26:15.78] [status] tests: 0/1, fuzzing: 3288105/7766279631452241919, values: [], cov: 33626, corpus: 41
[2025-11-21 16:26:18.78] [status] tests: 0/1, fuzzing: 3297767/7766279631452241919, values: [], cov: 33626, corpus: 41
[2025-11-21 16:26:21.78] [status] tests: 0/1, fuzzing: 3306877/7766279631452241919, values: [], cov: 33626, corpus: 41
[2025-11-21 16:26:24.78] [status] tests: 0/1, fuzzing: 3316787/7766279631452241919, values: [], cov: 33626, corpus: 41
[2025-11-21 16:26:27.78] [status] tests: 0/1, fuzzing: 3326436/7766279631452241919, values: [], cov: 33626, corpus: 41
[2025-11-21 16:26:30.78] [status] tests: 0/1, fuzzing: 3335760/7766279631452241919, values: [], cov: 33626, corpus: 41
[2025-11-21 16:26:33.79] [status] tests: 0/1, fuzzing: 3343937/7766279631452241919, values: [], cov: 33626, corpus: 41
[2025-11-21 16:26:36.80] [status] tests: 0/1, fuzzing: 3353770/7766279631452241919, values: [], cov: 33626, corpus: 41
[2025-11-21 16:26:39.80] [status] tests: 0/1, fuzzing: 3363625/7766279631452241919, values: [], cov: 33626, corpus: 41
[2025-11-21 16:26:42.80] [status] tests: 0/1, fuzzing: 3373481/7766279631452241919, values: [], cov: 33626, corpus: 41
[2025-11-21 16:26:45.80] [status] tests: 0/1, fuzzing: 3383640/7766279631452241919, values: [], cov: 33626, corpus: 41
[2025-11-21 16:26:48.80] [status] tests: 0/1, fuzzing: 3393197/7766279631452241919, values: [], cov: 33626, corpus: 41
[2025-11-21 16:26:51.81] [status] tests: 0/1, fuzzing: 3402772/7766279631452241919, values: [], cov: 33626, corpus: 41
[2025-11-21 16:26:54.81] [status] tests: 0/1, fuzzing: 3412513/7766279631452241919, values: [], cov: 33626, corpus: 41
[2025-11-21 16:26:57.81] [status] tests: 0/1, fuzzing: 3422801/7766279631452241919, values: [], cov: 33626, corpus: 41
[2025-11-21 16:27:00.81] [status] tests: 0/1, fuzzing: 3432536/7766279631452241919, values: [], cov: 33626, corpus: 41
[2025-11-21 16:27:03.81] [status] tests: 0/1, fuzzing: 3442853/7766279631452241919, values: [], cov: 33626, corpus: 41
[2025-11-21 16:27:06.81] [status] tests: 0/1, fuzzing: 3453281/7766279631452241919, values: [], cov: 33626, corpus: 41
[2025-11-21 16:27:09.82] [status] tests: 0/1, fuzzing: 3463440/7766279631452241919, values: [], cov: 33626, corpus: 41
[2025-11-21 16:27:12.82] [status] tests: 0/1, fuzzing: 3472956/7766279631452241919, values: [], cov: 33626, corpus: 41
[2025-11-21 16:27:15.82] [status] tests: 0/1, fuzzing: 3483082/7766279631452241919, values: [], cov: 33626, corpus: 41
[2025-11-21 16:27:18.82] [status] tests: 0/1, fuzzing: 3492870/7766279631452241919, values: [], cov: 33626, corpus: 41
[2025-11-21 16:27:21.82] [status] tests: 0/1, fuzzing: 3502264/7766279631452241919, values: [], cov: 33626, corpus: 41
[2025-11-21 16:27:24.83] [status] tests: 0/1, fuzzing: 3508566/7766279631452241919, values: [], cov: 33626, corpus: 41
[2025-11-21 16:27:27.83] [status] tests: 0/1, fuzzing: 3517437/7766279631452241919, values: [], cov: 33626, corpus: 41
[2025-11-21 16:27:30.83] [status] tests: 0/1, fuzzing: 3527166/7766279631452241919, values: [], cov: 33626, corpus: 41
[2025-11-21 16:27:33.83] [status] tests: 0/1, fuzzing: 3537267/7766279631452241919, values: [], cov: 33626, corpus: 41
[2025-11-21 16:27:36.84] [status] tests: 0/1, fuzzing: 3547041/7766279631452241919, values: [], cov: 33626, corpus: 41
[2025-11-21 16:27:39.84] [status] tests: 0/1, fuzzing: 3556476/7766279631452241919, values: [], cov: 33626, corpus: 41
[2025-11-21 16:27:42.84] [status] tests: 0/1, fuzzing: 3564550/7766279631452241919, values: [], cov: 33626, corpus: 41
[2025-11-21 16:27:45.86] [status] tests: 0/1, fuzzing: 3574108/7766279631452241919, values: [], cov: 33626, corpus: 41
[2025-11-21 16:27:48.87] [status] tests: 0/1, fuzzing: 3581717/7766279631452241919, values: [], cov: 33626, corpus: 41
[2025-11-21 16:27:51.87] [status] tests: 0/1, fuzzing: 3590864/7766279631452241919, values: [], cov: 33626, corpus: 41
[2025-11-21 16:27:54.87] [status] tests: 0/1, fuzzing: 3599916/7766279631452241919, values: [], cov: 33626, corpus: 41
[2025-11-21 16:27:57.87] [status] tests: 0/1, fuzzing: 3610031/7766279631452241919, values: [], cov: 33626, corpus: 41
[2025-11-21 16:28:00.88] [status] tests: 0/1, fuzzing: 3619855/7766279631452241919, values: [], cov: 33626, corpus: 41
[2025-11-21 16:28:03.88] [status] tests: 0/1, fuzzing: 3630050/7766279631452241919, values: [], cov: 33626, corpus: 41
[2025-11-21 16:28:06.88] [status] tests: 0/1, fuzzing: 3640226/7766279631452241919, values: [], cov: 33626, corpus: 41
[2025-11-21 16:28:09.88] [status] tests: 0/1, fuzzing: 3650516/7766279631452241919, values: [], cov: 33626, corpus: 41
[2025-11-21 16:28:12.88] [status] tests: 0/1, fuzzing: 3660811/7766279631452241919, values: [], cov: 33626, corpus: 41
[2025-11-21 16:28:15.89] [status] tests: 0/1, fuzzing: 3670823/7766279631452241919, values: [], cov: 33626, corpus: 41
[2025-11-21 16:28:18.89] [status] tests: 0/1, fuzzing: 3679564/7766279631452241919, values: [], cov: 33626, corpus: 41
[2025-11-21 16:28:21.89] [status] tests: 0/1, fuzzing: 3688697/7766279631452241919, values: [], cov: 33626, corpus: 41
[2025-11-21 16:28:24.89] [status] tests: 0/1, fuzzing: 3698269/7766279631452241919, values: [], cov: 33626, corpus: 41
[2025-11-21 16:28:27.89] [status] tests: 0/1, fuzzing: 3707712/7766279631452241919, values: [], cov: 33626, corpus: 41
[2025-11-21 16:28:30.90] [status] tests: 0/1, fuzzing: 3717363/7766279631452241919, values: [], cov: 33626, corpus: 41
[2025-11-21 16:28:33.90] [status] tests: 0/1, fuzzing: 3727254/7766279631452241919, values: [], cov: 33626, corpus: 41
[2025-11-21 16:28:36.90] [status] tests: 0/1, fuzzing: 3735962/7766279631452241919, values: [], cov: 33626, corpus: 41
[2025-11-21 16:28:39.91] [status] tests: 0/1, fuzzing: 3745526/7766279631452241919, values: [], cov: 33626, corpus: 41
[2025-11-21 16:28:42.91] [status] tests: 0/1, fuzzing: 3754433/7766279631452241919, values: [], cov: 33626, corpus: 41
[2025-11-21 16:28:45.91] [status] tests: 0/1, fuzzing: 3761759/7766279631452241919, values: [], cov: 33626, corpus: 41
[2025-11-21 16:28:48.91] [status] tests: 0/1, fuzzing: 3771165/7766279631452241919, values: [], cov: 33626, corpus: 41
[2025-11-21 16:28:51.91] [status] tests: 0/1, fuzzing: 3780664/7766279631452241919, values: [], cov: 33626, corpus: 41
[2025-11-21 16:28:54.92] [status] tests: 0/1, fuzzing: 3789934/7766279631452241919, values: [], cov: 33626, corpus: 41
[2025-11-21 16:28:57.92] [status] tests: 0/1, fuzzing: 3799957/7766279631452241919, values: [], cov: 33626, corpus: 41
[2025-11-21 16:29:00.92] [status] tests: 0/1, fuzzing: 3808295/7766279631452241919, values: [], cov: 33626, corpus: 41
[2025-11-21 16:29:03.92] [status] tests: 0/1, fuzzing: 3817643/7766279631452241919, values: [], cov: 33626, corpus: 41
[2025-11-21 16:29:06.92] [status] tests: 0/1, fuzzing: 3824964/7766279631452241919, values: [], cov: 33626, corpus: 41
[2025-11-21 16:29:09.93] [status] tests: 0/1, fuzzing: 3834066/7766279631452241919, values: [], cov: 33626, corpus: 41
[2025-11-21 16:29:12.93] [status] tests: 0/1, fuzzing: 3841621/7766279631452241919, values: [], cov: 33626, corpus: 41
[2025-11-21 16:29:15.93] [status] tests: 0/1, fuzzing: 3850712/7766279631452241919, values: [], cov: 33626, corpus: 41
[2025-11-21 16:29:18.93] [status] tests: 0/1, fuzzing: 3859796/7766279631452241919, values: [], cov: 33626, corpus: 41
[2025-11-21 16:29:21.94] [status] tests: 0/1, fuzzing: 3868324/7766279631452241919, values: [], cov: 33626, corpus: 41
[2025-11-21 16:29:24.94] [status] tests: 0/1, fuzzing: 3877561/7766279631452241919, values: [], cov: 33626, corpus: 41
[2025-11-21 16:29:27.94] [status] tests: 0/1, fuzzing: 3886771/7766279631452241919, values: [], cov: 33626, corpus: 41
[2025-11-21 16:29:30.94] [status] tests: 0/1, fuzzing: 3896418/7766279631452241919, values: [], cov: 33626, corpus: 41
[2025-11-21 16:29:33.95] [status] tests: 0/1, fuzzing: 3905520/7766279631452241919, values: [], cov: 33626, corpus: 41
[2025-11-21 16:29:36.95] [status] tests: 0/1, fuzzing: 3912866/7766279631452241919, values: [], cov: 33626, corpus: 41
[2025-11-21 16:29:39.95] [status] tests: 0/1, fuzzing: 3920252/7766279631452241919, values: [], cov: 33626, corpus: 41
[2025-11-21 16:29:42.95] [status] tests: 0/1, fuzzing: 3928972/7766279631452241919, values: [], cov: 33626, corpus: 41
[2025-11-21 16:29:45.96] [status] tests: 0/1, fuzzing: 3934590/7766279631452241919, values: [], cov: 33626, corpus: 41
[2025-11-21 16:29:48.96] [status] tests: 0/1, fuzzing: 3942426/7766279631452241919, values: [], cov: 33626, corpus: 41
[2025-11-21 16:29:51.96] [status] tests: 0/1, fuzzing: 3951305/7766279631452241919, values: [], cov: 33626, corpus: 41
[2025-11-21 16:29:54.96] [status] tests: 0/1, fuzzing: 3961268/7766279631452241919, values: [], cov: 33626, corpus: 41
[2025-11-21 16:29:57.96] [status] tests: 0/1, fuzzing: 3970891/7766279631452241919, values: [], cov: 33626, corpus: 41
[2025-11-21 16:30:00.97] [status] tests: 0/1, fuzzing: 3979311/7766279631452241919, values: [], cov: 33626, corpus: 41
[2025-11-21 16:30:03.97] [status] tests: 0/1, fuzzing: 3989299/7766279631452241919, values: [], cov: 33626, corpus: 41
[2025-11-21 16:30:06.97] [status] tests: 0/1, fuzzing: 3998187/7766279631452241919, values: [], cov: 33626, corpus: 41
[2025-11-21 16:30:09.97] [status] tests: 0/1, fuzzing: 4008333/7766279631452241919, values: [], cov: 33626, corpus: 41
[2025-11-21 16:30:12.98] [status] tests: 0/1, fuzzing: 4016506/7766279631452241919, values: [], cov: 33626, corpus: 41
[2025-11-21 16:30:15.99] [status] tests: 0/1, fuzzing: 4024924/7766279631452241919, values: [], cov: 33626, corpus: 41
[2025-11-21 16:30:18.99] [status] tests: 0/1, fuzzing: 4035067/7766279631452241919, values: [], cov: 33626, corpus: 41
[2025-11-21 16:30:21.99] [status] tests: 0/1, fuzzing: 4043962/7766279631452241919, values: [], cov: 33626, corpus: 41
[2025-11-21 16:30:24.99] [status] tests: 0/1, fuzzing: 4053379/7766279631452241919, values: [], cov: 33626, corpus: 41
[2025-11-21 16:30:28.00] [status] tests: 0/1, fuzzing: 4063258/7766279631452241919, values: [], cov: 33626, corpus: 41
[2025-11-21 16:30:31.00] [status] tests: 0/1, fuzzing: 4073368/7766279631452241919, values: [], cov: 33626, corpus: 41
[2025-11-21 16:30:34.00] [status] tests: 0/1, fuzzing: 4083815/7766279631452241919, values: [], cov: 33626, corpus: 41
[2025-11-21 16:30:37.00] [status] tests: 0/1, fuzzing: 4093594/7766279631452241919, values: [], cov: 33626, corpus: 41
[2025-11-21 16:30:40.00] [status] tests: 0/1, fuzzing: 4103561/7766279631452241919, values: [], cov: 33626, corpus: 41
[2025-11-21 16:30:43.00] [status] tests: 0/1, fuzzing: 4113280/7766279631452241919, values: [], cov: 33626, corpus: 41
[2025-11-21 16:30:46.01] [status] tests: 0/1, fuzzing: 4122470/7766279631452241919, values: [], cov: 33626, corpus: 41
[2025-11-21 16:30:49.01] [status] tests: 0/1, fuzzing: 4132360/7766279631452241919, values: [], cov: 33626, corpus: 41
[2025-11-21 16:30:52.01] [status] tests: 0/1, fuzzing: 4142034/7766279631452241919, values: [], cov: 33626, corpus: 41
[2025-11-21 16:30:55.01] [status] tests: 0/1, fuzzing: 4152167/7766279631452241919, values: [], cov: 33626, corpus: 41
[2025-11-21 16:30:58.01] [status] tests: 0/1, fuzzing: 4162571/7766279631452241919, values: [], cov: 33626, corpus: 41
[2025-11-21 16:31:01.02] [status] tests: 0/1, fuzzing: 4172313/7766279631452241919, values: [], cov: 33626, corpus: 41
[2025-11-21 16:31:04.02] [status] tests: 0/1, fuzzing: 4182825/7766279631452241919, values: [], cov: 33626, corpus: 41
[2025-11-21 16:31:07.02] [status] tests: 0/1, fuzzing: 4190346/7766279631452241919, values: [], cov: 33626, corpus: 41
[2025-11-21 16:31:10.02] [status] tests: 0/1, fuzzing: 4198855/7766279631452241919, values: [], cov: 33626, corpus: 41
[2025-11-21 16:31:13.03] [status] tests: 0/1, fuzzing: 4207603/7766279631452241919, values: [], cov: 33626, corpus: 41
[2025-11-21 16:31:16.03] [status] tests: 0/1, fuzzing: 4217227/7766279631452241919, values: [], cov: 33626, corpus: 41
[2025-11-21 16:31:19.03] [status] tests: 0/1, fuzzing: 4226935/7766279631452241919, values: [], cov: 33626, corpus: 41
[2025-11-21 16:31:22.03] [status] tests: 0/1, fuzzing: 4233149/7766279631452241919, values: [], cov: 33626, corpus: 41
[2025-11-21 16:31:25.04] [status] tests: 0/1, fuzzing: 4240589/7766279631452241919, values: [], cov: 33626, corpus: 41
[2025-11-21 16:31:28.04] [status] tests: 0/1, fuzzing: 4250414/7766279631452241919, values: [], cov: 33626, corpus: 41
[2025-11-21 16:31:31.04] [status] tests: 0/1, fuzzing: 4260459/7766279631452241919, values: [], cov: 33626, corpus: 41
[2025-11-21 16:31:34.04] [status] tests: 0/1, fuzzing: 4270554/7766279631452241919, values: [], cov: 33626, corpus: 41
[2025-11-21 16:31:37.04] [status] tests: 0/1, fuzzing: 4279664/7766279631452241919, values: [], cov: 33626, corpus: 41
[2025-11-21 16:31:40.05] [status] tests: 0/1, fuzzing: 4289657/7766279631452241919, values: [], cov: 33626, corpus: 41
[2025-11-21 16:31:43.05] [status] tests: 0/1, fuzzing: 4299128/7766279631452241919, values: [], cov: 33626, corpus: 41
[2025-11-21 16:31:46.05] [status] tests: 0/1, fuzzing: 4308374/7766279631452241919, values: [], cov: 33626, corpus: 41
[2025-11-21 16:31:49.06] [status] tests: 0/1, fuzzing: 4317262/7766279631452241919, values: [], cov: 33626, corpus: 41
[2025-11-21 16:31:52.06] [status] tests: 0/1, fuzzing: 4326302/7766279631452241919, values: [], cov: 33626, corpus: 41
[2025-11-21 16:31:55.06] [status] tests: 0/1, fuzzing: 4335085/7766279631452241919, values: [], cov: 33626, corpus: 41
[2025-11-21 16:31:58.06] [status] tests: 0/1, fuzzing: 4343298/7766279631452241919, values: [], cov: 33626, corpus: 41
[2025-11-21 16:32:01.07] [status] tests: 0/1, fuzzing: 4352135/7766279631452241919, values: [], cov: 33626, corpus: 41
[2025-11-21 16:32:04.07] [status] tests: 0/1, fuzzing: 4361913/7766279631452241919, values: [], cov: 33626, corpus: 41
[2025-11-21 16:32:07.07] [status] tests: 0/1, fuzzing: 4370684/7766279631452241919, values: [], cov: 33626, corpus: 41
[2025-11-21 16:32:10.07] [status] tests: 0/1, fuzzing: 4380898/7766279631452241919, values: [], cov: 33626, corpus: 41
[2025-11-21 16:32:13.07] [status] tests: 0/1, fuzzing: 4389154/7766279631452241919, values: [], cov: 33626, corpus: 41
[2025-11-21 16:32:16.08] [status] tests: 0/1, fuzzing: 4398984/7766279631452241919, values: [], cov: 33626, corpus: 41
[2025-11-21 16:32:19.08] [status] tests: 0/1, fuzzing: 4407721/7766279631452241919, values: [], cov: 33626, corpus: 41
[2025-11-21 16:32:22.08] [status] tests: 0/1, fuzzing: 4414729/7766279631452241919, values: [], cov: 33626, corpus: 41
[2025-11-21 16:32:25.08] [status] tests: 0/1, fuzzing: 4423360/7766279631452241919, values: [], cov: 33626, corpus: 41
[2025-11-21 16:32:28.09] [status] tests: 0/1, fuzzing: 4429242/7766279631452241919, values: [], cov: 33626, corpus: 41
[2025-11-21 16:32:31.09] [status] tests: 0/1, fuzzing: 4434711/7766279631452241919, values: [], cov: 33626, corpus: 41
[2025-11-21 16:32:34.09] [status] tests: 0/1, fuzzing: 4441939/7766279631452241919, values: [], cov: 33626, corpus: 41
[2025-11-21 16:32:37.10] [status] tests: 0/1, fuzzing: 4450939/7766279631452241919, values: [], cov: 33626, corpus: 41
[2025-11-21 16:32:40.10] [status] tests: 0/1, fuzzing: 4461164/7766279631452241919, values: [], cov: 33626, corpus: 41
[2025-11-21 16:32:40.38] [Worker 0] Time limit reached. Stopping.
[2025-11-21 16:32:40.38] [Worker 2] Time limit reached. Stopping.
[2025-11-21 16:32:40.38] [Worker 1] Time limit reached. Stopping.
[2025-11-21 16:32:40.38] [Worker 3] Time limit reached. Stopping.
[2025-11-21 16:32:40.38] [status] tests: 0/1, fuzzing: 4462102/7766279631452241919, values: [], cov: 33626, corpus: 41


Unique instructions: 33626
Unique codehashes: 9
Corpus size: 41
Seed: 6332666521412905796
Total calls: 4462102

[2025-11-21 16:32:40.38] Saving test reproducers... Done! (0s)
[2025-11-21 16:32:40.39] Saving corpus... Done! (7.725348s)
[2025-11-21 16:32:48.11] Saving coverage... Done! (3.034433s)
