[2025-11-21 15:51:38.74] Compiling .... WARNING: Slither was explicitly disabled. Echidna uses Slither (https://github.com/crytic/slither) to perform source analysis, which makes fuzzing more effective. You should enable it.
Done! (35.67084s)
Analyzing contract: /Users/nelsonpereira/Documents/GitHub/Auditing/Fuzzing/Recon_Fuzzing/Liquity_V2_Gov/V2-gov/test/recon/CryticTester.sol:CryticTester
Loaded 0 transaction sequences from echidna/reproducers
Loaded 63 transaction sequences from echidna/coverage
[2025-11-21 15:52:15.50] INFO: Performing RPC: <EVM.Query: fetch contract 0xB3573f4297a97e48E1e343A70878168dea7ddE32EmptyBase>
[2025-11-21 15:52:15.50] ERROR: Requested RPC but it is not configured: <EVM.Query: fetch contract 0xB3573f4297a97e48E1e343A70878168dea7ddE32EmptyBase>
[2025-11-21 15:52:15.53] INFO: Performing RPC: <EVM.Query: fetch contract 0x0000000000000000000000000000000000000001EmptyBase>
[2025-11-21 15:52:15.53] ERROR: Requested RPC but it is not configured: <EVM.Query: fetch contract 0x0000000000000000000000000000000000000001EmptyBase>
[2025-11-21 15:52:15.54] INFO: Performing RPC: <EVM.Query: fetch contract 0x0A64DF94bc0E039474DB42bb52FEca0c1d540402EmptyBase>
[2025-11-21 15:52:15.54] ERROR: Requested RPC but it is not configured: <EVM.Query: fetch contract 0x0A64DF94bc0E039474DB42bb52FEca0c1d540402EmptyBase>
[2025-11-21 15:52:15.55] INFO: Performing RPC: <EVM.Query: fetch contract 0x00000000000000000000000000000002fFffFffDEmptyBase>
[2025-11-21 15:52:15.55] ERROR: Requested RPC but it is not configured: <EVM.Query: fetch contract 0x00000000000000000000000000000002fFffFffDEmptyBase>
[2025-11-21 15:52:15.55] INFO: Performing RPC: <EVM.Query: fetch contract 0x00000000000000000000000000000001fffffffEEmptyBase>
[2025-11-21 15:52:15.55] ERROR: Requested RPC but it is not configured: <EVM.Query: fetch contract 0x00000000000000000000000000000001fffffffEEmptyBase>
[2025-11-21 15:52:15.55] INFO: Performing RPC: <EVM.Query: fetch contract 0x0000000000000000000000000000000000000000EmptyBase>
[2025-11-21 15:52:15.55] ERROR: Requested RPC but it is not configured: <EVM.Query: fetch contract 0x0000000000000000000000000000000000000000EmptyBase>
[2025-11-21 15:52:15.55] INFO: Performing RPC: <EVM.Query: fetch contract 0x00000000000000000000000000000000FFFFfFFFEmptyBase>
[2025-11-21 15:52:15.55] ERROR: Requested RPC but it is not configured: <EVM.Query: fetch contract 0x00000000000000000000000000000000FFFFfFFFEmptyBase>
[2025-11-21 15:52:15.55] INFO: Performing RPC: <EVM.Query: fetch contract 0xcd9a70C13C88863ECE51B302a77D2EB98fBBBD65EmptyBase>
[2025-11-21 15:52:15.55] ERROR: Requested RPC but it is not configured: <EVM.Query: fetch contract 0xcd9a70C13C88863ECE51B302a77D2EB98fBBBD65EmptyBase>
[2025-11-21 15:52:15.62] [Worker 0] New coverage: 28305 instr, 9 contracts, 1 seqs in corpus
[2025-11-21 15:52:15.63] [Worker 0] Sequence replayed from corpus file 45093282073006149.txt (1/16)
[2025-11-21 15:52:15.67] [Worker 3] New coverage: 31429 instr, 9 contracts, 2 seqs in corpus
[2025-11-21 15:52:15.67] [Worker 3] Sequence replayed from corpus file 5897270305909683058.txt (1/15)
[2025-11-21 15:52:15.67]  Saved reproducer to echidna/coverage/45093282073006149.txt
[2025-11-21 15:52:15.69] [Worker 1] New coverage: 31568 instr, 9 contracts, 3 seqs in corpus
[2025-11-21 15:52:15.69] [Worker 1] Sequence replayed from corpus file 1444301926217368620.txt (1/16)
[2025-11-21 15:52:15.69] [Worker 2] New coverage: 31568 instr, 9 contracts, 4 seqs in corpus
[2025-11-21 15:52:15.69] [Worker 2] Sequence replayed from corpus file 8518763232621574995.txt (1/16)
[2025-11-21 15:52:15.73]  Saved reproducer to echidna/coverage/5897270305909683058.txt
[2025-11-21 15:52:15.77] [Worker 0] New coverage: 31643 instr, 9 contracts, 5 seqs in corpus
[2025-11-21 15:52:15.77] [Worker 0] Sequence replayed from corpus file 6223167023325084269.txt (2/16)
[2025-11-21 15:52:15.78] [Worker 3] New coverage: 31656 instr, 9 contracts, 6 seqs in corpus
[2025-11-21 15:52:15.78] [Worker 3] Sequence replayed from corpus file 3903913474720682255.txt (2/15)
[2025-11-21 15:52:15.82]  Saved reproducer to echidna/coverage/1444301926217368620.txt
[2025-11-21 15:52:15.82] [Worker 2] Sequence replayed from corpus file 8746858044257582402.txt (2/16)
[2025-11-21 15:52:15.84] [Worker 1] New coverage: 31684 instr, 9 contracts, 7 seqs in corpus
[2025-11-21 15:52:15.84] [Worker 1] Sequence replayed from corpus file 4246736392004185151.txt (2/16)
[2025-11-21 15:52:15.89]  Saved reproducer to echidna/coverage/8518763232621574995.txt
[2025-11-21 15:52:15.90] [Worker 0] New coverage: 31703 instr, 9 contracts, 8 seqs in corpus
[2025-11-21 15:52:15.90] [Worker 0] Sequence replayed from corpus file 4208987126356970449.txt (3/16)
[2025-11-21 15:52:15.95] [Worker 3] Sequence replayed from corpus file 1601659141410026302.txt (3/15)
[2025-11-21 15:52:15.97]  Saved reproducer to echidna/coverage/6223167023325084269.txt
[2025-11-21 15:52:15.98] [Worker 2] New coverage: 32812 instr, 9 contracts, 9 seqs in corpus
[2025-11-21 15:52:15.98] [Worker 2] Sequence replayed from corpus file 8634082046333055431.txt (3/16)
[2025-11-21 15:52:16.02] [Worker 1] New coverage: 32812 instr, 9 contracts, 10 seqs in corpus
[2025-11-21 15:52:16.02] [Worker 1] Sequence replayed from corpus file 6536424477512155300.txt (3/16)
[2025-11-21 15:52:16.03]  Saved reproducer to echidna/coverage/3903913474720682255.txt
[2025-11-21 15:52:16.04] [Worker 0] New coverage: 32833 instr, 9 contracts, 11 seqs in corpus
[2025-11-21 15:52:16.04] [Worker 0] Sequence replayed from corpus file 1042970508906472491.txt (4/16)
[2025-11-21 15:52:16.09] [Worker 3] Sequence replayed from corpus file 3644857776348194497.txt (4/15)
[2025-11-21 15:52:16.13]  Saved reproducer to echidna/coverage/4246736392004185151.txt
[2025-11-21 15:52:16.15] [Worker 2] Sequence replayed from corpus file 6812201232362200345.txt (4/16)
[2025-11-21 15:52:16.19] [Worker 1] Sequence replayed from corpus file 8423608940381376891.txt (4/16)
[2025-11-21 15:52:16.19] INFO: Performing RPC: <EVM.Query: fetch contract 0xb13B5e34092E21A53Cb1110A3050Bd0e117Dc15DEmptyBase>
[2025-11-21 15:52:16.19] ERROR: Requested RPC but it is not configured: <EVM.Query: fetch contract 0xb13B5e34092E21A53Cb1110A3050Bd0e117Dc15DEmptyBase>
[2025-11-21 15:52:16.19]  Saved reproducer to echidna/coverage/4208987126356970449.txt
[2025-11-21 15:52:16.26] [Worker 0] New coverage: 32855 instr, 9 contracts, 12 seqs in corpus
[2025-11-21 15:52:16.26] [Worker 0] Sequence replayed from corpus file 7526067470188733814.txt (5/16)
[2025-11-21 15:52:16.28] [Worker 3] New coverage: 32855 instr, 9 contracts, 13 seqs in corpus
[2025-11-21 15:52:16.28] [Worker 3] Sequence replayed from corpus file 7563604614899633257.txt (5/15)
[2025-11-21 15:52:16.30]  Saved reproducer to echidna/coverage/8634082046333055431.txt
[2025-11-21 15:52:16.33] INFO: Performing RPC: <EVM.Query: fetch contract 0x3DD0864668C36D27B53a98137764c99F9FD5B7B2EmptyBase>
[2025-11-21 15:52:16.33] ERROR: Requested RPC but it is not configured: <EVM.Query: fetch contract 0x3DD0864668C36D27B53a98137764c99F9FD5B7B2EmptyBase>
[2025-11-21 15:52:16.37] [Worker 1] Sequence replayed from corpus file 623179635915128699.txt (5/16)
[2025-11-21 15:52:16.37] [Worker 2] Sequence replayed from corpus file 8670739144915234546.txt (5/16)
[2025-11-21 15:52:16.37]  Saved reproducer to echidna/coverage/6536424477512155300.txt
[2025-11-21 15:52:16.41] [Worker 3] Sequence replayed from corpus file 4839588000287340801.txt (6/15)
[2025-11-21 15:52:16.42] [Worker 0] New coverage: 32907 instr, 9 contracts, 14 seqs in corpus
[2025-11-21 15:52:16.42] [Worker 0] Sequence replayed from corpus file 13775952004325843.txt (6/16)
[2025-11-21 15:52:16.47]  Saved reproducer to echidna/coverage/1042970508906472491.txt
[2025-11-21 15:52:16.47] INFO: Performing RPC: <EVM.Query: fetch contract 0x46662E22D131Ea49249E0920C286E1484FEEf76EEmptyBase>
[2025-11-21 15:52:16.47] ERROR: Requested RPC but it is not configured: <EVM.Query: fetch contract 0x46662E22D131Ea49249E0920C286E1484FEEf76EEmptyBase>
[2025-11-21 15:52:16.47] INFO: Performing RPC: <EVM.Query: fetch contract 0x26C8d09E5C0B423E2827844c770F61c9af2870E7EmptyBase>
[2025-11-21 15:52:16.47] ERROR: Requested RPC but it is not configured: <EVM.Query: fetch contract 0x26C8d09E5C0B423E2827844c770F61c9af2870E7EmptyBase>
[2025-11-21 15:52:16.52] [Worker 1] New coverage: 32949 instr, 9 contracts, 15 seqs in corpus
[2025-11-21 15:52:16.52] [Worker 1] Sequence replayed from corpus file 171473411951464735.txt (6/16)
[2025-11-21 15:52:16.55] [Worker 2] New coverage: 32962 instr, 9 contracts, 16 seqs in corpus
[2025-11-21 15:52:16.55] [Worker 2] Sequence replayed from corpus file 3433483334458157319.txt (6/16)
[2025-11-21 15:52:16.56] [Worker 3] New coverage: 32975 instr, 9 contracts, 17 seqs in corpus
[2025-11-21 15:52:16.56]  Saved reproducer to echidna/coverage/7526067470188733814.txt
[2025-11-21 15:52:16.56] [Worker 3] Sequence replayed from corpus file 8719797396379752064.txt (7/15)
[2025-11-21 15:52:16.59] [Worker 0] New coverage: 32975 instr, 9 contracts, 18 seqs in corpus
[2025-11-21 15:52:16.59] [Worker 0] Sequence replayed from corpus file 6611001225389958544.txt (7/16)
[2025-11-21 15:52:16.62]  Saved reproducer to echidna/coverage/7563604614899633257.txt
[2025-11-21 15:52:16.65] [Worker 2] New coverage: 33101 instr, 9 contracts, 19 seqs in corpus
[2025-11-21 15:52:16.65] [Worker 2] Sequence replayed from corpus file 8309084613591694981.txt (7/16)
[2025-11-21 15:52:16.69]  Saved reproducer to echidna/coverage/13775952004325843.txt
[2025-11-21 15:52:16.70] [Worker 0] Sequence replayed from corpus file 716679353410151960.txt (8/16)
[2025-11-21 15:52:16.70] [Worker 1] New coverage: 33117 instr, 9 contracts, 20 seqs in corpus
[2025-11-21 15:52:16.70] [Worker 1] Sequence replayed from corpus file 8845767647990206077.txt (7/16)
[2025-11-21 15:52:16.71] [Worker 3] New coverage: 33117 instr, 9 contracts, 21 seqs in corpus
[2025-11-21 15:52:16.71] [Worker 3] Sequence replayed from corpus file 4134423501798329408.txt (8/15)
[2025-11-21 15:52:16.77]  Saved reproducer to echidna/coverage/171473411951464735.txt
[2025-11-21 15:52:16.81] [Worker 2] Sequence replayed from corpus file 8624324182550712236.txt (8/16)
[2025-11-21 15:52:16.82] [Worker 1] Sequence replayed from corpus file 8885166318714756710.txt (8/16)
[2025-11-21 15:52:16.83] [Worker 0] New coverage: 33316 instr, 9 contracts, 22 seqs in corpus
[2025-11-21 15:52:16.83] [Worker 0] Sequence replayed from corpus file 1315874646252894661.txt (9/16)
[2025-11-21 15:52:16.83] [Worker 3] New coverage: 33316 instr, 9 contracts, 23 seqs in corpus
[2025-11-21 15:52:16.83] [Worker 3] Sequence replayed from corpus file 659171836417235725.txt (9/15)
[2025-11-21 15:52:16.84]  Saved reproducer to echidna/coverage/3433483334458157319.txt
[2025-11-21 15:52:16.89]  Saved reproducer to echidna/coverage/8719797396379752064.txt
[2025-11-21 15:52:16.94] [Worker 1] Sequence replayed from corpus file 5777444928425635742.txt (9/16)
[2025-11-21 15:52:16.94] [Worker 0] New coverage: 33357 instr, 9 contracts, 24 seqs in corpus
[2025-11-21 15:52:16.94] [Worker 0] Sequence replayed from corpus file 5663856440416922978.txt (10/16)
[2025-11-21 15:52:16.95]  Saved reproducer to echidna/coverage/6611001225389958544.txt
[2025-11-21 15:52:16.95] [Worker 2] Sequence replayed from corpus file 7750089369889295315.txt (9/16)
[2025-11-21 15:52:16.97] [Worker 3] New coverage: 33357 instr, 9 contracts, 25 seqs in corpus
[2025-11-21 15:52:16.97] [Worker 3] Sequence replayed from corpus file 4631481792722934071.txt (10/15)
[2025-11-21 15:52:17.00]  Saved reproducer to echidna/coverage/8309084613591694981.txt
[2025-11-21 15:52:17.08]  Saved reproducer to echidna/coverage/8845767647990206077.txt
[2025-11-21 15:52:17.10] INFO: Performing RPC: <EVM.Query: fetch contract 0x002155d5323cb425a89ecD3ab87AE5Ffdf4DB5F7EmptyBase>
[2025-11-21 15:52:17.10] ERROR: Requested RPC but it is not configured: <EVM.Query: fetch contract 0x002155d5323cb425a89ecD3ab87AE5Ffdf4DB5F7EmptyBase>
[2025-11-21 15:52:17.10] [Worker 1] New coverage: 33401 instr, 9 contracts, 26 seqs in corpus
[2025-11-21 15:52:17.10] [Worker 1] Sequence replayed from corpus file 8220703510165838421.txt (10/16)
[2025-11-21 15:52:17.11] [Worker 3] New coverage: 33401 instr, 9 contracts, 27 seqs in corpus
[2025-11-21 15:52:17.11] [Worker 3] Sequence replayed from corpus file 7944241842321837526.txt (11/15)
[2025-11-21 15:52:17.11] [Worker 2] New coverage: 33401 instr, 9 contracts, 28 seqs in corpus
[2025-11-21 15:52:17.11] [Worker 2] Sequence replayed from corpus file 7282548592279858790.txt (10/16)
[2025-11-21 15:52:17.13] [Worker 0] Sequence replayed from corpus file 6445827107377041706.txt (11/16)
[2025-11-21 15:52:17.15]  Saved reproducer to echidna/coverage/4134423501798329408.txt
[2025-11-21 15:52:17.23]  Saved reproducer to echidna/coverage/1315874646252894661.txt
[2025-11-21 15:52:17.25] [Worker 1] New coverage: 33401 instr, 9 contracts, 29 seqs in corpus
[2025-11-21 15:52:17.25] [Worker 1] Sequence replayed from corpus file 323371216863346519.txt (11/16)
[2025-11-21 15:52:17.27] [Worker 0] Sequence replayed from corpus file 8256359532397937592.txt (12/16)
[2025-11-21 15:52:17.27]  Saved reproducer to echidna/coverage/659171836417235725.txt
[2025-11-21 15:52:17.29] [Worker 2] Sequence replayed from corpus file 8747301005050476.txt (11/16)
[2025-11-21 15:52:17.30] [Worker 3] New coverage: 33430 instr, 9 contracts, 30 seqs in corpus
[2025-11-21 15:52:17.30] [Worker 3] Sequence replayed from corpus file 6864043327716982166.txt (12/15)
[2025-11-21 15:52:17.35]  Saved reproducer to echidna/coverage/5663856440416922978.txt
[2025-11-21 15:52:17.40] [Worker 1] Sequence replayed from corpus file 7040918752773474375.txt (12/16)
[2025-11-21 15:52:17.42] [Worker 0] Sequence replayed from corpus file 7105468663060356784.txt (13/16)
[2025-11-21 15:52:17.42] [Worker 3] New coverage: 33463 instr, 9 contracts, 31 seqs in corpus
[2025-11-21 15:52:17.42] [Worker 3] Sequence replayed from corpus file 5567964455996488893.txt (13/15)
[2025-11-21 15:52:17.42]  Saved reproducer to echidna/coverage/4631481792722934071.txt
[2025-11-21 15:52:17.42] [Worker 2] New coverage: 33466 instr, 9 contracts, 32 seqs in corpus
[2025-11-21 15:52:17.42] [Worker 2] Sequence replayed from corpus file 7341404724361170964.txt (12/16)
[2025-11-21 15:52:17.47]  Saved reproducer to echidna/coverage/8220703510165838421.txt
[2025-11-21 15:52:17.54]  Saved reproducer to echidna/coverage/7944241842321837526.txt
[2025-11-21 15:52:17.57] [Worker 0] Sequence replayed from corpus file 6493404114589562002.txt (14/16)
[2025-11-21 15:52:17.58] [Worker 1] New coverage: 33527 instr, 9 contracts, 33 seqs in corpus
[2025-11-21 15:52:17.59] [Worker 1] Sequence replayed from corpus file 8803041182927703731.txt (13/16)
[2025-11-21 15:52:17.59] [Worker 2] New coverage: 33527 instr, 9 contracts, 34 seqs in corpus
[2025-11-21 15:52:17.59] [Worker 2] Sequence replayed from corpus file 8952276177007932624.txt (13/16)
[2025-11-21 15:52:17.62]  Saved reproducer to echidna/coverage/7282548592279858790.txt
[2025-11-21 15:52:17.63] [Worker 3] New coverage: 33527 instr, 9 contracts, 35 seqs in corpus
[2025-11-21 15:52:17.63] [Worker 3] Sequence replayed from corpus file 6872151627638192370.txt (14/15)
[2025-11-21 15:52:17.70]  Saved reproducer to echidna/coverage/323371216863346519.txt
[2025-11-21 15:52:17.70] [Worker 1] Sequence replayed from corpus file 1938453100000780259.txt (14/16)
[2025-11-21 15:52:17.73] [Worker 0] Sequence replayed from corpus file 3761885062713970245.txt (15/16)
[2025-11-21 15:52:17.77] [Worker 2] New coverage: 33530 instr, 9 contracts, 36 seqs in corpus
[2025-11-21 15:52:17.77] [Worker 2] Sequence replayed from corpus file 4629152209409952519.txt (14/16)
[2025-11-21 15:52:17.77]  Saved reproducer to echidna/coverage/6864043327716982166.txt
[2025-11-21 15:52:17.78] [Worker 3] New coverage: 33552 instr, 9 contracts, 37 seqs in corpus
[2025-11-21 15:52:17.78] [Worker 3] Sequence replayed from corpus file 6760438629456621221.txt (15/15)
[2025-11-21 15:52:17.83]  Saved reproducer to echidna/coverage/5567964455996488893.txt
[2025-11-21 15:52:17.86] [Worker 0] Sequence replayed from corpus file 2951887994621030055.txt (16/16)
[2025-11-21 15:52:17.87] [Worker 1] Sequence replayed from corpus file 7309073834865810155.txt (15/16)
[2025-11-21 15:52:17.88] [Worker 2] New coverage: 33559 instr, 9 contracts, 38 seqs in corpus
[2025-11-21 15:52:17.88] [Worker 2] Sequence replayed from corpus file 6733992498756348523.txt (15/16)
[2025-11-21 15:52:17.88]  Saved reproducer to echidna/coverage/7341404724361170964.txt
[2025-11-21 15:52:17.96]  Saved reproducer to echidna/coverage/8803041182927703731.txt
[2025-11-21 15:52:18.00] [Worker 1] Sequence replayed from corpus file 6485873953918739959.txt (16/16)
[2025-11-21 15:52:18.02]  Saved reproducer to echidna/coverage/8952276177007932624.txt
[2025-11-21 15:52:18.05] [Worker 2] New coverage: 33567 instr, 9 contracts, 39 seqs in corpus
[2025-11-21 15:52:18.05] [Worker 2] Sequence replayed from corpus file 917863655903805577.txt (16/16)
[2025-11-21 15:52:18.11]  Saved reproducer to echidna/coverage/6872151627638192370.txt
[2025-11-21 15:52:18.21]  Saved reproducer to echidna/coverage/4629152209409952519.txt
[2025-11-21 15:52:18.28]  Saved reproducer to echidna/coverage/6760438629456621221.txt
[2025-11-21 15:52:18.33]  Saved reproducer to echidna/coverage/6733992498756348523.txt
[2025-11-21 15:52:18.40]  Saved reproducer to echidna/coverage/917863655903805577.txt
[2025-11-21 15:52:18.49] [status] tests: 0/1, fuzzing: 7507/7766279631452241919, values: [], cov: 33567, corpus: 39
[2025-11-21 15:52:20.77] INFO: Performing RPC: <EVM.Query: fetch contract 0x2A2B68E9Bf718DBf6dF3dF91174A136054a8A0EcEmptyBase>
[2025-11-21 15:52:20.77] ERROR: Requested RPC but it is not configured: <EVM.Query: fetch contract 0x2A2B68E9Bf718DBf6dF3dF91174A136054a8A0EcEmptyBase>
[2025-11-21 15:52:21.49] [status] tests: 0/1, fuzzing: 14946/7766279631452241919, values: [], cov: 33567, corpus: 39
[2025-11-21 15:52:24.50] [status] tests: 0/1, fuzzing: 23812/7766279631452241919, values: [], cov: 33567, corpus: 39
[2025-11-21 15:52:27.50] [status] tests: 0/1, fuzzing: 30782/7766279631452241919, values: [], cov: 33567, corpus: 39
[2025-11-21 15:52:30.50] [status] tests: 0/1, fuzzing: 39005/7766279631452241919, values: [], cov: 33567, corpus: 39
[2025-11-21 15:52:33.50] [status] tests: 0/1, fuzzing: 47518/7766279631452241919, values: [], cov: 33567, corpus: 39
[2025-11-21 15:52:36.51] [status] tests: 0/1, fuzzing: 55004/7766279631452241919, values: [], cov: 33567, corpus: 39
[2025-11-21 15:52:39.51] [status] tests: 0/1, fuzzing: 63595/7766279631452241919, values: [], cov: 33567, corpus: 39
[2025-11-21 15:52:42.51] [status] tests: 0/1, fuzzing: 71756/7766279631452241919, values: [], cov: 33567, corpus: 39
[2025-11-21 15:52:45.51] [status] tests: 0/1, fuzzing: 80032/7766279631452241919, values: [], cov: 33567, corpus: 39
[2025-11-21 15:52:48.51] [status] tests: 0/1, fuzzing: 87824/7766279631452241919, values: [], cov: 33567, corpus: 39
[2025-11-21 15:52:51.52] [status] tests: 0/1, fuzzing: 96542/7766279631452241919, values: [], cov: 33567, corpus: 39
[2025-11-21 15:52:54.52] [status] tests: 0/1, fuzzing: 105405/7766279631452241919, values: [], cov: 33567, corpus: 39
[2025-11-21 15:52:57.52] [status] tests: 0/1, fuzzing: 114336/7766279631452241919, values: [], cov: 33567, corpus: 39
[2025-11-21 15:53:00.52] [status] tests: 0/1, fuzzing: 121719/7766279631452241919, values: [], cov: 33567, corpus: 39
[2025-11-21 15:53:03.52] [status] tests: 0/1, fuzzing: 129372/7766279631452241919, values: [], cov: 33567, corpus: 39
[2025-11-21 15:53:06.52] [status] tests: 0/1, fuzzing: 138162/7766279631452241919, values: [], cov: 33567, corpus: 39
[2025-11-21 15:53:09.53] [status] tests: 0/1, fuzzing: 146143/7766279631452241919, values: [], cov: 33567, corpus: 39
[2025-11-21 15:53:12.53] [status] tests: 0/1, fuzzing: 153198/7766279631452241919, values: [], cov: 33567, corpus: 39
[2025-11-21 15:53:15.53] [status] tests: 0/1, fuzzing: 161210/7766279631452241919, values: [], cov: 33567, corpus: 39
[2025-11-21 15:53:18.53] [status] tests: 0/1, fuzzing: 169818/7766279631452241919, values: [], cov: 33567, corpus: 39
[2025-11-21 15:53:21.53] [status] tests: 0/1, fuzzing: 177193/7766279631452241919, values: [], cov: 33567, corpus: 39
[2025-11-21 15:53:24.54] [status] tests: 0/1, fuzzing: 186595/7766279631452241919, values: [], cov: 33567, corpus: 39
[2025-11-21 15:53:27.54] [status] tests: 0/1, fuzzing: 196445/7766279631452241919, values: [], cov: 33567, corpus: 39
[2025-11-21 15:53:30.54] [status] tests: 0/1, fuzzing: 206010/7766279631452241919, values: [], cov: 33567, corpus: 39
[2025-11-21 15:53:33.54] [status] tests: 0/1, fuzzing: 215213/7766279631452241919, values: [], cov: 33567, corpus: 39
[2025-11-21 15:53:36.54] [status] tests: 0/1, fuzzing: 222619/7766279631452241919, values: [], cov: 33567, corpus: 39
[2025-11-21 15:53:39.55] [status] tests: 0/1, fuzzing: 231219/7766279631452241919, values: [], cov: 33567, corpus: 39
[2025-11-21 15:53:42.55] [status] tests: 0/1, fuzzing: 238033/7766279631452241919, values: [], cov: 33567, corpus: 39
[2025-11-21 15:53:45.55] [status] tests: 0/1, fuzzing: 246869/7766279631452241919, values: [], cov: 33567, corpus: 39
[2025-11-21 15:53:48.55] [status] tests: 0/1, fuzzing: 254790/7766279631452241919, values: [], cov: 33567, corpus: 39
[2025-11-21 15:53:51.55] [status] tests: 0/1, fuzzing: 262853/7766279631452241919, values: [], cov: 33567, corpus: 39
[2025-11-21 15:53:54.56] [status] tests: 0/1, fuzzing: 270547/7766279631452241919, values: [], cov: 33567, corpus: 39
[2025-11-21 15:53:57.56] [status] tests: 0/1, fuzzing: 279415/7766279631452241919, values: [], cov: 33567, corpus: 39
[2025-11-21 15:54:00.56] [status] tests: 0/1, fuzzing: 287196/7766279631452241919, values: [], cov: 33567, corpus: 39
[2025-11-21 15:54:03.57] [status] tests: 0/1, fuzzing: 295467/7766279631452241919, values: [], cov: 33567, corpus: 39
[2025-11-21 15:54:06.57] [status] tests: 0/1, fuzzing: 303389/7766279631452241919, values: [], cov: 33567, corpus: 39
[2025-11-21 15:54:09.57] [status] tests: 0/1, fuzzing: 312012/7766279631452241919, values: [], cov: 33567, corpus: 39
[2025-11-21 15:54:12.58] [status] tests: 0/1, fuzzing: 319665/7766279631452241919, values: [], cov: 33567, corpus: 39
[2025-11-21 15:54:15.58] [status] tests: 0/1, fuzzing: 327850/7766279631452241919, values: [], cov: 33567, corpus: 39
[2025-11-21 15:54:18.59] [status] tests: 0/1, fuzzing: 336691/7766279631452241919, values: [], cov: 33567, corpus: 39
[2025-11-21 15:54:21.59] [status] tests: 0/1, fuzzing: 344536/7766279631452241919, values: [], cov: 33567, corpus: 39
[2025-11-21 15:54:24.60] [status] tests: 0/1, fuzzing: 353372/7766279631452241919, values: [], cov: 33567, corpus: 39
[2025-11-21 15:54:27.60] [status] tests: 0/1, fuzzing: 361656/7766279631452241919, values: [], cov: 33567, corpus: 39
[2025-11-21 15:54:30.60] [status] tests: 0/1, fuzzing: 370134/7766279631452241919, values: [], cov: 33567, corpus: 39
[2025-11-21 15:54:33.61] [status] tests: 0/1, fuzzing: 379418/7766279631452241919, values: [], cov: 33567, corpus: 39
[2025-11-21 15:54:34.14] INFO: Performing RPC: <EVM.Query: fetch contract 0x53F6337d308FfB2c52eDa319Be216cC7321D3725EmptyBase>
[2025-11-21 15:54:34.14] ERROR: Requested RPC but it is not configured: <EVM.Query: fetch contract 0x53F6337d308FfB2c52eDa319Be216cC7321D3725EmptyBase>
[2025-11-21 15:54:36.61] [status] tests: 0/1, fuzzing: 388050/7766279631452241919, values: [], cov: 33567, corpus: 39
[2025-11-21 15:54:39.61] [status] tests: 0/1, fuzzing: 396935/7766279631452241919, values: [], cov: 33567, corpus: 39
[2025-11-21 15:54:42.61] [status] tests: 0/1, fuzzing: 405801/7766279631452241919, values: [], cov: 33567, corpus: 39
[2025-11-21 15:54:45.62] [status] tests: 0/1, fuzzing: 414557/7766279631452241919, values: [], cov: 33567, corpus: 39
[2025-11-21 15:54:46.30] INFO: Performing RPC: <EVM.Query: fetch contract 0x00000000000000000000000000000000DeaDBeefEmptyBase>
[2025-11-21 15:54:46.30] ERROR: Requested RPC but it is not configured: <EVM.Query: fetch contract 0x00000000000000000000000000000000DeaDBeefEmptyBase>
[2025-11-21 15:54:48.62] [status] tests: 0/1, fuzzing: 422352/7766279631452241919, values: [], cov: 33567, corpus: 39
[2025-11-21 15:54:51.62] [status] tests: 0/1, fuzzing: 429756/7766279631452241919, values: [], cov: 33567, corpus: 39
[2025-11-21 15:54:54.63] [status] tests: 0/1, fuzzing: 438737/7766279631452241919, values: [], cov: 33567, corpus: 39
[2025-11-21 15:54:57.63] [status] tests: 0/1, fuzzing: 447890/7766279631452241919, values: [], cov: 33567, corpus: 39
[2025-11-21 15:55:00.63] [status] tests: 0/1, fuzzing: 455810/7766279631452241919, values: [], cov: 33567, corpus: 39
[2025-11-21 15:55:03.64] [status] tests: 0/1, fuzzing: 464095/7766279631452241919, values: [], cov: 33567, corpus: 39
[2025-11-21 15:55:06.64] [status] tests: 0/1, fuzzing: 473244/7766279631452241919, values: [], cov: 33567, corpus: 39
[2025-11-21 15:55:09.64] [status] tests: 0/1, fuzzing: 481409/7766279631452241919, values: [], cov: 33567, corpus: 39
[2025-11-21 15:55:12.64] [status] tests: 0/1, fuzzing: 489352/7766279631452241919, values: [], cov: 33567, corpus: 39
[2025-11-21 15:55:15.65] [status] tests: 0/1, fuzzing: 497860/7766279631452241919, values: [], cov: 33567, corpus: 39
[2025-11-21 15:55:18.65] [status] tests: 0/1, fuzzing: 506098/7766279631452241919, values: [], cov: 33567, corpus: 39
[2025-11-21 15:55:21.65] [status] tests: 0/1, fuzzing: 515087/7766279631452241919, values: [], cov: 33567, corpus: 39
[2025-11-21 15:55:24.65] [status] tests: 0/1, fuzzing: 524245/7766279631452241919, values: [], cov: 33567, corpus: 39
[2025-11-21 15:55:27.65] [status] tests: 0/1, fuzzing: 533033/7766279631452241919, values: [], cov: 33567, corpus: 39
[2025-11-21 15:55:30.65] [status] tests: 0/1, fuzzing: 540589/7766279631452241919, values: [], cov: 33567, corpus: 39
[2025-11-21 15:55:33.66] [status] tests: 0/1, fuzzing: 549574/7766279631452241919, values: [], cov: 33567, corpus: 39
[2025-11-21 15:55:36.66] [status] tests: 0/1, fuzzing: 557107/7766279631452241919, values: [], cov: 33567, corpus: 39
[2025-11-21 15:55:39.66] [status] tests: 0/1, fuzzing: 565901/7766279631452241919, values: [], cov: 33567, corpus: 39
[2025-11-21 15:55:42.66] [status] tests: 0/1, fuzzing: 573499/7766279631452241919, values: [], cov: 33567, corpus: 39
[2025-11-21 15:55:45.66] [status] tests: 0/1, fuzzing: 582758/7766279631452241919, values: [], cov: 33567, corpus: 39
[2025-11-21 15:55:48.67] [status] tests: 0/1, fuzzing: 590885/7766279631452241919, values: [], cov: 33567, corpus: 39
[2025-11-21 15:55:51.67] [status] tests: 0/1, fuzzing: 598552/7766279631452241919, values: [], cov: 33567, corpus: 39
[2025-11-21 15:55:54.67] [status] tests: 0/1, fuzzing: 607251/7766279631452241919, values: [], cov: 33567, corpus: 39
[2025-11-21 15:55:57.67] [status] tests: 0/1, fuzzing: 616387/7766279631452241919, values: [], cov: 33567, corpus: 39
[2025-11-21 15:56:00.67] [status] tests: 0/1, fuzzing: 624976/7766279631452241919, values: [], cov: 33567, corpus: 39
[2025-11-21 15:56:03.68] [status] tests: 0/1, fuzzing: 634020/7766279631452241919, values: [], cov: 33567, corpus: 39
[2025-11-21 15:56:06.68] [status] tests: 0/1, fuzzing: 641536/7766279631452241919, values: [], cov: 33567, corpus: 39
[2025-11-21 15:56:09.68] [status] tests: 0/1, fuzzing: 650705/7766279631452241919, values: [], cov: 33567, corpus: 39
[2025-11-21 15:56:12.69] [status] tests: 0/1, fuzzing: 659222/7766279631452241919, values: [], cov: 33567, corpus: 39
[2025-11-21 15:56:15.69] [status] tests: 0/1, fuzzing: 668382/7766279631452241919, values: [], cov: 33567, corpus: 39
[2025-11-21 15:56:18.69] [status] tests: 0/1, fuzzing: 677059/7766279631452241919, values: [], cov: 33567, corpus: 39
[2025-11-21 15:56:21.70] [status] tests: 0/1, fuzzing: 683584/7766279631452241919, values: [], cov: 33567, corpus: 39
[2025-11-21 15:56:24.70] [status] tests: 0/1, fuzzing: 691422/7766279631452241919, values: [], cov: 33567, corpus: 39
[2025-11-21 15:56:27.70] [status] tests: 0/1, fuzzing: 699107/7766279631452241919, values: [], cov: 33567, corpus: 39
[2025-11-21 15:56:30.70] [status] tests: 0/1, fuzzing: 707291/7766279631452241919, values: [], cov: 33567, corpus: 39
[2025-11-21 15:56:33.70] [status] tests: 0/1, fuzzing: 716259/7766279631452241919, values: [], cov: 33567, corpus: 39
[2025-11-21 15:56:36.71] [status] tests: 0/1, fuzzing: 724100/7766279631452241919, values: [], cov: 33567, corpus: 39
[2025-11-21 15:56:39.71] [status] tests: 0/1, fuzzing: 732371/7766279631452241919, values: [], cov: 33567, corpus: 39
[2025-11-21 15:56:42.71] [status] tests: 0/1, fuzzing: 738573/7766279631452241919, values: [], cov: 33567, corpus: 39
[2025-11-21 15:56:45.71] [status] tests: 0/1, fuzzing: 747465/7766279631452241919, values: [], cov: 33567, corpus: 39
[2025-11-21 15:56:48.72] [status] tests: 0/1, fuzzing: 756236/7766279631452241919, values: [], cov: 33567, corpus: 39
[2025-11-21 15:56:51.72] [status] tests: 0/1, fuzzing: 764782/7766279631452241919, values: [], cov: 33567, corpus: 39
[2025-11-21 15:56:54.72] [status] tests: 0/1, fuzzing: 773928/7766279631452241919, values: [], cov: 33567, corpus: 39
[2025-11-21 15:56:57.73] [status] tests: 0/1, fuzzing: 783160/7766279631452241919, values: [], cov: 33567, corpus: 39
[2025-11-21 15:57:00.73] [status] tests: 0/1, fuzzing: 791829/7766279631452241919, values: [], cov: 33567, corpus: 39
[2025-11-21 15:57:03.73] [status] tests: 0/1, fuzzing: 800798/7766279631452241919, values: [], cov: 33567, corpus: 39
[2025-11-21 15:57:06.73] [status] tests: 0/1, fuzzing: 808046/7766279631452241919, values: [], cov: 33567, corpus: 39
[2025-11-21 15:57:09.73] [status] tests: 0/1, fuzzing: 816113/7766279631452241919, values: [], cov: 33567, corpus: 39
[2025-11-21 15:57:12.73] [status] tests: 0/1, fuzzing: 823902/7766279631452241919, values: [], cov: 33567, corpus: 39
[2025-11-21 15:57:15.74] [status] tests: 0/1, fuzzing: 832469/7766279631452241919, values: [], cov: 33567, corpus: 39
[2025-11-21 15:57:18.74] [status] tests: 0/1, fuzzing: 840841/7766279631452241919, values: [], cov: 33567, corpus: 39
[2025-11-21 15:57:21.75] [status] tests: 0/1, fuzzing: 847200/7766279631452241919, values: [], cov: 33567, corpus: 39
[2025-11-21 15:57:24.75] [status] tests: 0/1, fuzzing: 854918/7766279631452241919, values: [], cov: 33567, corpus: 39
[2025-11-21 15:57:27.75] [status] tests: 0/1, fuzzing: 862686/7766279631452241919, values: [], cov: 33567, corpus: 39
[2025-11-21 15:57:30.75] [status] tests: 0/1, fuzzing: 870810/7766279631452241919, values: [], cov: 33567, corpus: 39
[2025-11-21 15:57:33.75] [status] tests: 0/1, fuzzing: 877185/7766279631452241919, values: [], cov: 33567, corpus: 39
[2025-11-21 15:57:36.76] [status] tests: 0/1, fuzzing: 883561/7766279631452241919, values: [], cov: 33567, corpus: 39
[2025-11-21 15:57:39.76] [status] tests: 0/1, fuzzing: 890452/7766279631452241919, values: [], cov: 33567, corpus: 39
[2025-11-21 15:57:42.76] [status] tests: 0/1, fuzzing: 896600/7766279631452241919, values: [], cov: 33567, corpus: 39
[2025-11-21 15:57:45.76] [status] tests: 0/1, fuzzing: 905562/7766279631452241919, values: [], cov: 33567, corpus: 39
[2025-11-21 15:57:48.76] [status] tests: 0/1, fuzzing: 913300/7766279631452241919, values: [], cov: 33567, corpus: 39
[2025-11-21 15:57:51.77] [status] tests: 0/1, fuzzing: 921575/7766279631452241919, values: [], cov: 33567, corpus: 39
[2025-11-21 15:57:54.77] [status] tests: 0/1, fuzzing: 930541/7766279631452241919, values: [], cov: 33567, corpus: 39
[2025-11-21 15:57:57.77] [status] tests: 0/1, fuzzing: 939600/7766279631452241919, values: [], cov: 33567, corpus: 39
[2025-11-21 15:58:00.80] [status] tests: 0/1, fuzzing: 946128/7766279631452241919, values: [], cov: 33567, corpus: 39
[2025-11-21 15:58:03.81] [status] tests: 0/1, fuzzing: 953943/7766279631452241919, values: [], cov: 33567, corpus: 39
[2025-11-21 15:58:06.81] [status] tests: 0/1, fuzzing: 961257/7766279631452241919, values: [], cov: 33567, corpus: 39
[2025-11-21 15:58:09.81] [status] tests: 0/1, fuzzing: 969147/7766279631452241919, values: [], cov: 33567, corpus: 39
[2025-11-21 15:58:12.81] [status] tests: 0/1, fuzzing: 975996/7766279631452241919, values: [], cov: 33567, corpus: 39
[2025-11-21 15:58:15.82] [status] tests: 0/1, fuzzing: 982962/7766279631452241919, values: [], cov: 33567, corpus: 39
[2025-11-21 15:58:18.82] [status] tests: 0/1, fuzzing: 990064/7766279631452241919, values: [], cov: 33567, corpus: 39
[2025-11-21 15:58:21.82] [status] tests: 0/1, fuzzing: 996688/7766279631452241919, values: [], cov: 33567, corpus: 39
[2025-11-21 15:58:24.83] [status] tests: 0/1, fuzzing: 1002485/7766279631452241919, values: [], cov: 33567, corpus: 39
[2025-11-21 15:58:27.90] [status] tests: 0/1, fuzzing: 1007691/7766279631452241919, values: [], cov: 33567, corpus: 39
[2025-11-21 15:58:30.90] [status] tests: 0/1, fuzzing: 1015658/7766279631452241919, values: [], cov: 33567, corpus: 39
[2025-11-21 15:58:33.91] [status] tests: 0/1, fuzzing: 1023855/7766279631452241919, values: [], cov: 33567, corpus: 39
[2025-11-21 15:58:36.91] [status] tests: 0/1, fuzzing: 1031196/7766279631452241919, values: [], cov: 33567, corpus: 39
[2025-11-21 15:58:39.91] [status] tests: 0/1, fuzzing: 1039234/7766279631452241919, values: [], cov: 33567, corpus: 39
[2025-11-21 15:58:42.91] [status] tests: 0/1, fuzzing: 1046583/7766279631452241919, values: [], cov: 33567, corpus: 39
[2025-11-21 15:58:45.92] [status] tests: 0/1, fuzzing: 1055752/7766279631452241919, values: [], cov: 33567, corpus: 39
[2025-11-21 15:58:48.92] [status] tests: 0/1, fuzzing: 1063120/7766279631452241919, values: [], cov: 33567, corpus: 39
[2025-11-21 15:58:51.92] [status] tests: 0/1, fuzzing: 1071721/7766279631452241919, values: [], cov: 33567, corpus: 39
[2025-11-21 15:58:52.01] INFO: Performing RPC: <EVM.Query: fetch contract 0x84b51678F9A4869E384F737ed2a5D56c8ca16c81EmptyBase>
[2025-11-21 15:58:52.01] ERROR: Requested RPC but it is not configured: <EVM.Query: fetch contract 0x84b51678F9A4869E384F737ed2a5D56c8ca16c81EmptyBase>
[2025-11-21 15:58:54.92] [status] tests: 0/1, fuzzing: 1080570/7766279631452241919, values: [], cov: 33567, corpus: 39
[2025-11-21 15:58:57.92] [status] tests: 0/1, fuzzing: 1088072/7766279631452241919, values: [], cov: 33567, corpus: 39
[2025-11-21 15:59:00.93] [status] tests: 0/1, fuzzing: 1095067/7766279631452241919, values: [], cov: 33567, corpus: 39
[2025-11-21 15:59:03.93] [status] tests: 0/1, fuzzing: 1103078/7766279631452241919, values: [], cov: 33567, corpus: 39
[2025-11-21 15:59:06.93] [status] tests: 0/1, fuzzing: 1109696/7766279631452241919, values: [], cov: 33567, corpus: 39
[2025-11-21 15:59:09.93] [status] tests: 0/1, fuzzing: 1116732/7766279631452241919, values: [], cov: 33567, corpus: 39
[2025-11-21 15:59:12.94] [status] tests: 0/1, fuzzing: 1123708/7766279631452241919, values: [], cov: 33567, corpus: 39
[2025-11-21 15:59:15.94] [status] tests: 0/1, fuzzing: 1132139/7766279631452241919, values: [], cov: 33567, corpus: 39
[2025-11-21 15:59:18.94] [status] tests: 0/1, fuzzing: 1139529/7766279631452241919, values: [], cov: 33567, corpus: 39
[2025-11-21 15:59:21.94] [status] tests: 0/1, fuzzing: 1146943/7766279631452241919, values: [], cov: 33567, corpus: 39
[2025-11-21 15:59:24.95] [status] tests: 0/1, fuzzing: 1155069/7766279631452241919, values: [], cov: 33567, corpus: 39
[2025-11-21 15:59:27.95] [status] tests: 0/1, fuzzing: 1163212/7766279631452241919, values: [], cov: 33567, corpus: 39
[2025-11-21 15:59:30.95] [status] tests: 0/1, fuzzing: 1171288/7766279631452241919, values: [], cov: 33567, corpus: 39
[2025-11-21 15:59:33.95] [status] tests: 0/1, fuzzing: 1178937/7766279631452241919, values: [], cov: 33567, corpus: 39
[2025-11-21 15:59:36.95] [status] tests: 0/1, fuzzing: 1186039/7766279631452241919, values: [], cov: 33567, corpus: 39
[2025-11-21 15:59:39.96] [status] tests: 0/1, fuzzing: 1193463/7766279631452241919, values: [], cov: 33567, corpus: 39
[2025-11-21 15:59:42.96] [status] tests: 0/1, fuzzing: 1198606/7766279631452241919, values: [], cov: 33567, corpus: 39
[2025-11-21 15:59:45.96] [status] tests: 0/1, fuzzing: 1206504/7766279631452241919, values: [], cov: 33567, corpus: 39
[2025-11-21 15:59:48.96] [status] tests: 0/1, fuzzing: 1214137/7766279631452241919, values: [], cov: 33567, corpus: 39
[2025-11-21 15:59:51.97] [status] tests: 0/1, fuzzing: 1218961/7766279631452241919, values: [], cov: 33567, corpus: 39
[2025-11-21 15:59:54.97] [status] tests: 0/1, fuzzing: 1224417/7766279631452241919, values: [], cov: 33567, corpus: 39
[2025-11-21 15:59:57.99] [status] tests: 0/1, fuzzing: 1230311/7766279631452241919, values: [], cov: 33567, corpus: 39
[2025-11-21 16:00:01.00] [status] tests: 0/1, fuzzing: 1236589/7766279631452241919, values: [], cov: 33567, corpus: 39
[2025-11-21 16:00:04.02] [status] tests: 0/1, fuzzing: 1240680/7766279631452241919, values: [], cov: 33567, corpus: 39
[2025-11-21 16:00:07.12] [status] tests: 0/1, fuzzing: 1243868/7766279631452241919, values: [], cov: 33567, corpus: 39
[2025-11-21 16:00:10.12] [status] tests: 0/1, fuzzing: 1247609/7766279631452241919, values: [], cov: 33567, corpus: 39
[2025-11-21 16:00:13.12] [status] tests: 0/1, fuzzing: 1253786/7766279631452241919, values: [], cov: 33567, corpus: 39
[2025-11-21 16:00:16.12] [status] tests: 0/1, fuzzing: 1259734/7766279631452241919, values: [], cov: 33567, corpus: 39
[2025-11-21 16:00:19.13] [status] tests: 0/1, fuzzing: 1266681/7766279631452241919, values: [], cov: 33567, corpus: 39
[2025-11-21 16:00:22.13] [status] tests: 0/1, fuzzing: 1272551/7766279631452241919, values: [], cov: 33567, corpus: 39
[2025-11-21 16:00:25.14] [status] tests: 0/1, fuzzing: 1279080/7766279631452241919, values: [], cov: 33567, corpus: 39
[2025-11-21 16:00:28.16] [status] tests: 0/1, fuzzing: 1282410/7766279631452241919, values: [], cov: 33567, corpus: 39
[2025-11-21 16:00:31.34] [status] tests: 0/1, fuzzing: 1286658/7766279631452241919, values: [], cov: 33567, corpus: 39
[2025-11-21 16:00:34.35] [status] tests: 0/1, fuzzing: 1289727/7766279631452241919, values: [], cov: 33567, corpus: 39
[2025-11-21 16:00:37.38] [status] tests: 0/1, fuzzing: 1292581/7766279631452241919, values: [], cov: 33567, corpus: 39
[2025-11-21 16:00:40.39] [status] tests: 0/1, fuzzing: 1298445/7766279631452241919, values: [], cov: 33567, corpus: 39
[2025-11-21 16:00:43.39] [status] tests: 0/1, fuzzing: 1303878/7766279631452241919, values: [], cov: 33567, corpus: 39
[2025-11-21 16:00:46.40] [status] tests: 0/1, fuzzing: 1309041/7766279631452241919, values: [], cov: 33567, corpus: 39
[2025-11-21 16:00:49.40] [status] tests: 0/1, fuzzing: 1314190/7766279631452241919, values: [], cov: 33567, corpus: 39
[2025-11-21 16:00:52.41] [status] tests: 0/1, fuzzing: 1320008/7766279631452241919, values: [], cov: 33567, corpus: 39
[2025-11-21 16:00:55.41] [status] tests: 0/1, fuzzing: 1327208/7766279631452241919, values: [], cov: 33567, corpus: 39
[2025-11-21 16:00:58.41] [status] tests: 0/1, fuzzing: 1332639/7766279631452241919, values: [], cov: 33567, corpus: 39
[2025-11-21 16:01:01.42] [status] tests: 0/1, fuzzing: 1338398/7766279631452241919, values: [], cov: 33567, corpus: 39
[2025-11-21 16:01:04.42] [status] tests: 0/1, fuzzing: 1344838/7766279631452241919, values: [], cov: 33567, corpus: 39
[2025-11-21 16:01:07.42] [status] tests: 0/1, fuzzing: 1349291/7766279631452241919, values: [], cov: 33567, corpus: 39
[2025-11-21 16:01:10.42] [status] tests: 0/1, fuzzing: 1357156/7766279631452241919, values: [], cov: 33567, corpus: 39
[2025-11-21 16:01:13.43] [status] tests: 0/1, fuzzing: 1363635/7766279631452241919, values: [], cov: 33567, corpus: 39
[2025-11-21 16:01:16.43] [status] tests: 0/1, fuzzing: 1372146/7766279631452241919, values: [], cov: 33567, corpus: 39
[2025-11-21 16:01:19.43] [status] tests: 0/1, fuzzing: 1380602/7766279631452241919, values: [], cov: 33567, corpus: 39
[2025-11-21 16:01:22.43] [status] tests: 0/1, fuzzing: 1386317/7766279631452241919, values: [], cov: 33567, corpus: 39
[2025-11-21 16:01:23.47] INFO: Performing RPC: <EVM.Query: fetch contract 0x38fF0f328e0E376a505C92398C67CCA5F2E6f5aeEmptyBase>
[2025-11-21 16:01:23.47] ERROR: Requested RPC but it is not configured: <EVM.Query: fetch contract 0x38fF0f328e0E376a505C92398C67CCA5F2E6f5aeEmptyBase>
[2025-11-21 16:01:25.43] [status] tests: 0/1, fuzzing: 1395014/7766279631452241919, values: [], cov: 33567, corpus: 39
[2025-11-21 16:01:28.44] [status] tests: 0/1, fuzzing: 1403578/7766279631452241919, values: [], cov: 33567, corpus: 39
[2025-11-21 16:01:31.44] [status] tests: 0/1, fuzzing: 1412028/7766279631452241919, values: [], cov: 33567, corpus: 39
[2025-11-21 16:01:34.45] [status] tests: 0/1, fuzzing: 1420381/7766279631452241919, values: [], cov: 33567, corpus: 39
[2025-11-21 16:01:37.46] [status] tests: 0/1, fuzzing: 1428502/7766279631452241919, values: [], cov: 33567, corpus: 39
